Archive member included to satisfy reference by file (symbol)

c:/program files (x86)/atmel/studio/7.0/toolchain/arm/arm-gnu-toolchain/bin/../lib/gcc/arm-none-eabi/6.3.1/thumb/v6-m\libgcc.a(_udivsi3.o)
                              src/ASF/common2/components/display/ssd1306/ssd1306.o (__aeabi_uidiv)
c:/program files (x86)/atmel/studio/7.0/toolchain/arm/arm-gnu-toolchain/bin/../lib/gcc/arm-none-eabi/6.3.1/thumb/v6-m\libgcc.a(_dvmd_tls.o)
                              c:/program files (x86)/atmel/studio/7.0/toolchain/arm/arm-gnu-toolchain/bin/../lib/gcc/arm-none-eabi/6.3.1/thumb/v6-m\libgcc.a(_udivsi3.o) (__aeabi_idiv0)
c:/program files (x86)/atmel/studio/7.0/toolchain/arm/arm-gnu-toolchain/bin/../lib/gcc/arm-none-eabi/6.3.1/thumb/v6-m\libgcc.a(_muldi3.o)
                              src/ASF/sam0/drivers/sercom/sercom.o (__aeabi_lmul)
c:/program files (x86)/atmel/studio/7.0/toolchain/arm/arm-gnu-toolchain/bin/../lib/gcc/arm-none-eabi/6.3.1/../../../../arm-none-eabi/lib/thumb/v6-m\libc_nano.a(lib_a-exit.o)
                              c:/program files (x86)/atmel/studio/7.0/toolchain/arm/arm-gnu-toolchain/bin/../lib/gcc/arm-none-eabi/6.3.1/../../../../arm-none-eabi/lib/thumb/v6-m/crt0.o (exit)
c:/program files (x86)/atmel/studio/7.0/toolchain/arm/arm-gnu-toolchain/bin/../lib/gcc/arm-none-eabi/6.3.1/../../../../arm-none-eabi/lib/thumb/v6-m\libc_nano.a(lib_a-impure.o)
                              c:/program files (x86)/atmel/studio/7.0/toolchain/arm/arm-gnu-toolchain/bin/../lib/gcc/arm-none-eabi/6.3.1/../../../../arm-none-eabi/lib/thumb/v6-m\libc_nano.a(lib_a-exit.o) (_global_impure_ptr)
c:/program files (x86)/atmel/studio/7.0/toolchain/arm/arm-gnu-toolchain/bin/../lib/gcc/arm-none-eabi/6.3.1/../../../../arm-none-eabi/lib/thumb/v6-m\libc_nano.a(lib_a-init.o)
                              c:/program files (x86)/atmel/studio/7.0/toolchain/arm/arm-gnu-toolchain/bin/../lib/gcc/arm-none-eabi/6.3.1/../../../../arm-none-eabi/lib/thumb/v6-m/crt0.o (__libc_init_array)
c:/program files (x86)/atmel/studio/7.0/toolchain/arm/arm-gnu-toolchain/bin/../lib/gcc/arm-none-eabi/6.3.1/../../../../arm-none-eabi/lib/thumb/v6-m\libc_nano.a(lib_a-memcpy-stub.o)
                              src/ASF/thirdparty/freertos/freertos-10.0.0/Source/queue.o (memcpy)
c:/program files (x86)/atmel/studio/7.0/toolchain/arm/arm-gnu-toolchain/bin/../lib/gcc/arm-none-eabi/6.3.1/../../../../arm-none-eabi/lib/thumb/v6-m\libc_nano.a(lib_a-memset.o)
                              c:/program files (x86)/atmel/studio/7.0/toolchain/arm/arm-gnu-toolchain/bin/../lib/gcc/arm-none-eabi/6.3.1/../../../../arm-none-eabi/lib/thumb/v6-m/crt0.o (memset)

Allocating common symbols
Common symbol       size              file

ssd1306_master      0x3c              src/ASF/common2/components/display/ssd1306/ssd1306.o
dummy_write         0x2               src/ASF/sam0/drivers/sercom/spi/spi_interrupt.o
_sercom_instances   0x18              src/ASF/sam0/drivers/sercom/sercom_interrupt.o
ssd1306_slave       0x3               src/ASF/common2/components/display/ssd1306/ssd1306.o

Discarded input sections

 .text          0x00000000        0x0 c:/program files (x86)/atmel/studio/7.0/toolchain/arm/arm-gnu-toolchain/bin/../lib/gcc/arm-none-eabi/6.3.1/thumb/v6-m/crti.o
 .data          0x00000000        0x0 c:/program files (x86)/atmel/studio/7.0/toolchain/arm/arm-gnu-toolchain/bin/../lib/gcc/arm-none-eabi/6.3.1/thumb/v6-m/crti.o
 .bss           0x00000000        0x0 c:/program files (x86)/atmel/studio/7.0/toolchain/arm/arm-gnu-toolchain/bin/../lib/gcc/arm-none-eabi/6.3.1/thumb/v6-m/crti.o
 .data          0x00000000        0x4 c:/program files (x86)/atmel/studio/7.0/toolchain/arm/arm-gnu-toolchain/bin/../lib/gcc/arm-none-eabi/6.3.1/thumb/v6-m/crtbegin.o
 .text          0x00000000       0x78 c:/program files (x86)/atmel/studio/7.0/toolchain/arm/arm-gnu-toolchain/bin/../lib/gcc/arm-none-eabi/6.3.1/../../../../arm-none-eabi/lib/thumb/v6-m/crt0.o
 .data          0x00000000        0x0 c:/program files (x86)/atmel/studio/7.0/toolchain/arm/arm-gnu-toolchain/bin/../lib/gcc/arm-none-eabi/6.3.1/../../../../arm-none-eabi/lib/thumb/v6-m/crt0.o
 .bss           0x00000000        0x0 c:/program files (x86)/atmel/studio/7.0/toolchain/arm/arm-gnu-toolchain/bin/../lib/gcc/arm-none-eabi/6.3.1/../../../../arm-none-eabi/lib/thumb/v6-m/crt0.o
 .ARM.extab     0x00000000        0x0 c:/program files (x86)/atmel/studio/7.0/toolchain/arm/arm-gnu-toolchain/bin/../lib/gcc/arm-none-eabi/6.3.1/../../../../arm-none-eabi/lib/thumb/v6-m/crt0.o
 .ARM.exidx     0x00000000        0x8 c:/program files (x86)/atmel/studio/7.0/toolchain/arm/arm-gnu-toolchain/bin/../lib/gcc/arm-none-eabi/6.3.1/../../../../arm-none-eabi/lib/thumb/v6-m/crt0.o
 .ARM.attributes
                0x00000000       0x1b c:/program files (x86)/atmel/studio/7.0/toolchain/arm/arm-gnu-toolchain/bin/../lib/gcc/arm-none-eabi/6.3.1/../../../../arm-none-eabi/lib/thumb/v6-m/crt0.o
[...]
Memory Configuration

Name             Origin             Length             Attributes
rom              0x00000000         0x00040000         xr
ram              0x20000000         0x00008000         xrw
*default*        0x00000000         0xffffffff

Linker script and memory map

LOAD c:/program files (x86)/atmel/studio/7.0/toolchain/arm/arm-gnu-toolchain/bin/../lib/gcc/arm-none-eabi/6.3.1/thumb/v6-m/crti.o
LOAD c:/program files (x86)/atmel/studio/7.0/toolchain/arm/arm-gnu-toolchain/bin/../lib/gcc/arm-none-eabi/6.3.1/thumb/v6-m/crtbegin.o
LOAD c:/program files (x86)/atmel/studio/7.0/toolchain/arm/arm-gnu-toolchain/bin/../lib/gcc/arm-none-eabi/6.3.1/../../../../arm-none-eabi/lib/thumb/v6-m/crt0.o
LOAD src/ASF/common2/components/display/ssd1306/ssd1306.o
LOAD src/ASF/common2/services/delay/sam0/systick_counter.o
LOAD src/ASF/common2/services/gfx_mono/gfx_mono_framebuffer.o
LOAD src/ASF/common2/services/gfx_mono/gfx_mono_generic.o
LOAD src/ASF/common2/services/gfx_mono/gfx_mono_text.o
LOAD src/ASF/common2/services/gfx_mono/gfx_mono_ug_2832hsweg04.o
LOAD src/ASF/common2/services/gfx_mono/sysfont.o
LOAD src/ASF/common/utils/interrupt/interrupt_sam_nvic.o
LOAD src/ASF/sam0/boards/samr21_xplained_pro/board_init.o
LOAD src/ASF/sam0/drivers/port/port.o
LOAD src/ASF/sam0/drivers/sercom/sercom.o
LOAD src/ASF/sam0/drivers/sercom/sercom_interrupt.o
LOAD src/ASF/sam0/drivers/sercom/spi/spi.o
LOAD src/ASF/sam0/drivers/sercom/spi/spi_interrupt.o
LOAD src/ASF/sam0/drivers/sercom/usart/usart.o
LOAD src/ASF/sam0/drivers/sercom/usart/usart_interrupt.o
LOAD src/ASF/sam0/drivers/system/clock/clock_samd21_r21_da_ha1/clock.o
LOAD src/ASF/sam0/drivers/system/clock/clock_samd21_r21_da_ha1/gclk.o
LOAD src/ASF/sam0/drivers/system/interrupt/system_interrupt.o
LOAD src/ASF/sam0/drivers/system/pinmux/pinmux.o
LOAD src/ASF/sam0/drivers/system/system.o
LOAD src/ASF/sam0/utils/cmsis/samr21/source/gcc/startup_samr21.o
LOAD src/ASF/sam0/utils/cmsis/samr21/source/system_samr21.o
LOAD src/ASF/sam0/utils/syscalls/gcc/syscalls.o
LOAD src/ASF/thirdparty/freertos/freertos-10.0.0/Source/croutine.o
LOAD src/ASF/thirdparty/freertos/freertos-10.0.0/Source/event_groups.o
LOAD src/ASF/thirdparty/freertos/freertos-10.0.0/Source/list.o
LOAD src/ASF/thirdparty/freertos/freertos-10.0.0/Source/portable/GCC/ARM_CM0/port.o
LOAD src/ASF/thirdparty/freertos/freertos-10.0.0/Source/portable/MemMang/heap_1.o
LOAD src/ASF/thirdparty/freertos/freertos-10.0.0/Source/queue.o
LOAD src/ASF/thirdparty/freertos/freertos-10.0.0/Source/stream_buffer.o
LOAD src/ASF/thirdparty/freertos/freertos-10.0.0/Source/tasks.o
LOAD src/ASF/thirdparty/freertos/freertos-10.0.0/Source/timers.o
LOAD src/demotasks.o
LOAD src/main.o
START GROUP
LOAD ../src/ASF/thirdparty/CMSIS/Lib/GCC\libarm_cortexM0l_math.a
LOAD c:/program files (x86)/atmel/studio/7.0/toolchain/arm/arm-gnu-toolchain/bin/../lib/gcc/arm-none-eabi/6.3.1/../../../../arm-none-eabi/lib/thumb/v6-m\libm.a
END GROUP
START GROUP
LOAD c:/program files (x86)/atmel/studio/7.0/toolchain/arm/arm-gnu-toolchain/bin/../lib/gcc/arm-none-eabi/6.3.1/thumb/v6-m\libgcc.a
LOAD c:/program files (x86)/atmel/studio/7.0/toolchain/arm/arm-gnu-toolchain/bin/../lib/gcc/arm-none-eabi/6.3.1/../../../../arm-none-eabi/lib/thumb/v6-m\libc_nano.a
END GROUP
START GROUP
LOAD c:/program files (x86)/atmel/studio/7.0/toolchain/arm/arm-gnu-toolchain/bin/../lib/gcc/arm-none-eabi/6.3.1/thumb/v6-m\libgcc.a
LOAD c:/program files (x86)/atmel/studio/7.0/toolchain/arm/arm-gnu-toolchain/bin/../lib/gcc/arm-none-eabi/6.3.1/../../../../arm-none-eabi/lib/thumb/v6-m\libc_nano.a
END GROUP
LOAD c:/program files (x86)/atmel/studio/7.0/toolchain/arm/arm-gnu-toolchain/bin/../lib/gcc/arm-none-eabi/6.3.1/thumb/v6-m/crtend.o
LOAD c:/program files (x86)/atmel/studio/7.0/toolchain/arm/arm-gnu-toolchain/bin/../lib/gcc/arm-none-eabi/6.3.1/thumb/v6-m/crtn.o
                0x00002000                STACK_SIZE = DEFINED (STACK_SIZE)?STACK_SIZE:DEFINED (__stack_size__)?__stack_size__:0x2000

.text           0x00000000     0x457c
                0x00000000                . = ALIGN (0x4)
                0x00000000                _sfixed = .
 *(.vectors .vectors.*)
 .vectors       0x00000000       0xb4 src/ASF/sam0/utils/cmsis/samr21/source/gcc/startup_samr21.o
                0x00000000                exception_table
 *(.text .text.* .gnu.linkonce.t.*)
 .text          0x000000b4       0x60 c:/program files (x86)/atmel/studio/7.0/toolchain/arm/arm-gnu-toolchain/bin/../lib/gcc/arm-none-eabi/6.3.1/thumb/v6-m/crtbegin.o
 .text.ssd1306_write_command
                0x00000114       0x4c src/ASF/common2/components/display/ssd1306/ssd1306.o
                0x00000114                ssd1306_write_command
 .text.ssd1306_init
                0x00000160      0x1d0 src/ASF/common2/components/display/ssd1306/ssd1306.o
                0x00000160                ssd1306_init
 .text.ssd1306_write_data
                0x00000330       0x4c src/ASF/common2/components/display/ssd1306/ssd1306.o
                0x00000330                ssd1306_write_data
 .text.delay_init
                0x0000037c       0x40 src/ASF/common2/services/delay/sam0/systick_counter.o
                0x0000037c                delay_init
 .text.delay_cycles_ms
                0x000003bc       0x2c src/ASF/common2/services/delay/sam0/systick_counter.o
                0x000003bc                delay_cycles_ms
 .text.gfx_mono_set_framebuffer
                0x000003e8        0xc src/ASF/common2/services/gfx_mono/gfx_mono_framebuffer.o
                0x000003e8                gfx_mono_set_framebuffer
 .text.gfx_mono_framebuffer_put_byte
                0x000003f4       0x10 src/ASF/common2/services/gfx_mono/gfx_mono_framebuffer.o
                0x000003f4                gfx_mono_framebuffer_put_byte
 .text.gfx_mono_framebuffer_get_byte
                0x00000404       0x10 src/ASF/common2/services/gfx_mono/gfx_mono_framebuffer.o
                0x00000404                gfx_mono_framebuffer_get_byte
 .text.gfx_mono_generic_draw_horizontal_line
                0x00000414       0xc8 src/ASF/common2/services/gfx_mono/gfx_mono_generic.o
                0x00000414                gfx_mono_generic_draw_horizontal_line
 .text.gfx_mono_generic_draw_vertical_line
                0x000004dc       0x9c src/ASF/common2/services/gfx_mono/gfx_mono_generic.o
                0x000004dc                gfx_mono_generic_draw_vertical_line
 .text.gfx_mono_generic_draw_rect
                0x00000578       0x50 src/ASF/common2/services/gfx_mono/gfx_mono_generic.o
                0x00000578                gfx_mono_generic_draw_rect
 .text.gfx_mono_generic_draw_filled_rect
                0x000005c8       0x34 src/ASF/common2/services/gfx_mono/gfx_mono_generic.o
                0x000005c8                gfx_mono_generic_draw_filled_rect
 .text.gfx_mono_draw_char
                0x000005fc       0xd0 src/ASF/common2/services/gfx_mono/gfx_mono_text.o
                0x000005fc                gfx_mono_draw_char
 .text.gfx_mono_draw_string
                0x000006cc       0x50 src/ASF/common2/services/gfx_mono/gfx_mono_text.o
                0x000006cc                gfx_mono_draw_string
 .text.gfx_mono_ssd1306_put_byte
                0x0000071c       0x54 src/ASF/common2/services/gfx_mono/gfx_mono_ug_2832hsweg04.o
                0x0000071c                gfx_mono_ssd1306_put_byte
 .text.gfx_mono_ssd1306_init
                0x00000770       0x4c src/ASF/common2/services/gfx_mono/gfx_mono_ug_2832hsweg04.o
                0x00000770                gfx_mono_ssd1306_init
 .text.gfx_mono_ssd1306_draw_pixel
                0x000007bc       0x68 src/ASF/common2/services/gfx_mono/gfx_mono_ug_2832hsweg04.o
                0x000007bc                gfx_mono_ssd1306_draw_pixel
 .text.gfx_mono_ssd1306_get_byte
                0x00000824        0xc src/ASF/common2/services/gfx_mono/gfx_mono_ug_2832hsweg04.o
                0x00000824                gfx_mono_ssd1306_get_byte
 .text.gfx_mono_ssd1306_mask_byte
                0x00000830       0x44 src/ASF/common2/services/gfx_mono/gfx_mono_ug_2832hsweg04.o
                0x00000830                gfx_mono_ssd1306_mask_byte
 .text.cpu_irq_enter_critical
                0x00000874       0x40 src/ASF/common/utils/interrupt/interrupt_sam_nvic.o
                0x00000874                cpu_irq_enter_critical
 .text.cpu_irq_leave_critical
                0x000008b4       0x30 src/ASF/common/utils/interrupt/interrupt_sam_nvic.o
                0x000008b4                cpu_irq_leave_critical
 .text.system_board_init
                0x000008e4       0x38 src/ASF/sam0/boards/samr21_xplained_pro/board_init.o
                0x000008e4                board_init
                0x000008e4                system_board_init
 .text.port_pin_set_config
                0x0000091c       0x24 src/ASF/sam0/drivers/port/port.o
                0x0000091c                port_pin_set_config
 .text.long_division
                0x00000940       0xba src/ASF/sam0/drivers/sercom/sercom.o
 .text._sercom_get_sync_baud_val
                0x000009fa       0x28 src/ASF/sam0/drivers/sercom/sercom.o
                0x000009fa                _sercom_get_sync_baud_val
 *fill*         0x00000a22        0x2 
 .text._sercom_get_async_baud_val
                0x00000a24       0x94 src/ASF/sam0/drivers/sercom/sercom.o
                0x00000a24                _sercom_get_async_baud_val
 .text.sercom_set_gclk_generator
                0x00000ab8       0x4c src/ASF/sam0/drivers/sercom/sercom.o
                0x00000ab8                sercom_set_gclk_generator
 .text._sercom_get_default_pad
                0x00000b04      0x178 src/ASF/sam0/drivers/sercom/sercom.o
                0x00000b04                _sercom_get_default_pad
 .text._sercom_get_sercom_inst_index
                0x00000c7c       0x38 src/ASF/sam0/drivers/sercom/sercom.o
                0x00000c7c                _sercom_get_sercom_inst_index
 .text._sercom_default_handler
                0x00000cb4        0x2 src/ASF/sam0/drivers/sercom/sercom_interrupt.o
 *fill*         0x00000cb6        0x2 
 .text._sercom_set_handler
                0x00000cb8       0x3c src/ASF/sam0/drivers/sercom/sercom_interrupt.o
                0x00000cb8                _sercom_set_handler
 .text._sercom_get_interrupt_vector
                0x00000cf4       0x30 src/ASF/sam0/drivers/sercom/sercom_interrupt.o
                0x00000cf4                _sercom_get_interrupt_vector
 .text.SERCOM0_Handler
                0x00000d24       0x10 src/ASF/sam0/drivers/sercom/sercom_interrupt.o
                0x00000d24                SERCOM0_Handler
 .text.SERCOM1_Handler
                0x00000d34       0x10 src/ASF/sam0/drivers/sercom/sercom_interrupt.o
                0x00000d34                SERCOM1_Handler
 .text.SERCOM2_Handler
                0x00000d44       0x10 src/ASF/sam0/drivers/sercom/sercom_interrupt.o
                0x00000d44                SERCOM2_Handler
 .text.SERCOM3_Handler
                0x00000d54       0x10 src/ASF/sam0/drivers/sercom/sercom_interrupt.o
                0x00000d54                SERCOM3_Handler
 .text.SERCOM4_Handler
                0x00000d64       0x10 src/ASF/sam0/drivers/sercom/sercom_interrupt.o
                0x00000d64                SERCOM4_Handler
 .text.SERCOM5_Handler
                0x00000d74       0x10 src/ASF/sam0/drivers/sercom/sercom_interrupt.o
                0x00000d74                SERCOM5_Handler
 .text.spi_init
                0x00000d84      0x1d8 src/ASF/sam0/drivers/sercom/spi/spi.o
                0x00000d84                spi_init
 .text.spi_select_slave
                0x00000f5c       0xf4 src/ASF/sam0/drivers/sercom/spi/spi.o
                0x00000f5c                spi_select_slave
 .text.spi_write_buffer_wait
                0x00001050       0xcc src/ASF/sam0/drivers/sercom/spi/spi.o
                0x00001050                spi_write_buffer_wait
 .text._spi_interrupt_handler
                0x0000111c      0x1d0 src/ASF/sam0/drivers/sercom/spi/spi_interrupt.o
                0x0000111c                _spi_interrupt_handler
 .text.usart_init
                0x000012ec      0x344 src/ASF/sam0/drivers/sercom/usart/usart.o
                0x000012ec                usart_init
 .text._usart_interrupt_handler
                0x00001630      0x194 src/ASF/sam0/drivers/sercom/usart/usart_interrupt.o
                0x00001630                _usart_interrupt_handler
 .text.system_clock_source_get_hz
                0x000017c4       0x94 src/ASF/sam0/drivers/system/clock/clock_samd21_r21_da_ha1/clock.o
                0x000017c4                system_clock_source_get_hz
 .text.system_clock_source_osc8m_set_config
                0x00001858       0x3c src/ASF/sam0/drivers/system/clock/clock_samd21_r21_da_ha1/clock.o
                0x00001858                system_clock_source_osc8m_set_config
 .text.system_clock_source_enable
                0x00001894       0xa8 src/ASF/sam0/drivers/system/clock/clock_samd21_r21_da_ha1/clock.o
                0x00001894                system_clock_source_enable
 .text.system_clock_init
                0x0000193c       0xb8 src/ASF/sam0/drivers/system/clock/clock_samd21_r21_da_ha1/clock.o
                0x0000193c                system_clock_init
 .text.system_gclk_init
                0x000019f4       0x24 src/ASF/sam0/drivers/system/clock/clock_samd21_r21_da_ha1/gclk.o
                0x000019f4                system_gclk_init
 .text.system_gclk_gen_set_config
                0x00001a18       0xb8 src/ASF/sam0/drivers/system/clock/clock_samd21_r21_da_ha1/gclk.o
                0x00001a18                system_gclk_gen_set_config
 .text.system_gclk_gen_enable
                0x00001ad0       0x44 src/ASF/sam0/drivers/system/clock/clock_samd21_r21_da_ha1/gclk.o
                0x00001ad0                system_gclk_gen_enable
 .text.system_gclk_gen_get_hz
                0x00001b14       0x8c src/ASF/sam0/drivers/system/clock/clock_samd21_r21_da_ha1/gclk.o
                0x00001b14                system_gclk_gen_get_hz
 .text.system_gclk_chan_enable
                0x00001ba0       0x30 src/ASF/sam0/drivers/system/clock/clock_samd21_r21_da_ha1/gclk.o
                0x00001ba0                system_gclk_chan_enable
 .text.system_gclk_chan_disable
                0x00001bd0       0x5c src/ASF/sam0/drivers/system/clock/clock_samd21_r21_da_ha1/gclk.o
                0x00001bd0                system_gclk_chan_disable
 .text.system_gclk_chan_set_config
                0x00001c2c       0x1c src/ASF/sam0/drivers/system/clock/clock_samd21_r21_da_ha1/gclk.o
                0x00001c2c                system_gclk_chan_set_config
 .text.system_gclk_chan_get_hz
                0x00001c48       0x34 src/ASF/sam0/drivers/system/clock/clock_samd21_r21_da_ha1/gclk.o
                0x00001c48                system_gclk_chan_get_hz
 .text._system_pinmux_config
                0x00001c7c       0xa8 src/ASF/sam0/drivers/system/pinmux/pinmux.o
 .text.system_pinmux_pin_set_config
                0x00001d24       0x30 src/ASF/sam0/drivers/system/pinmux/pinmux.o
                0x00001d24                system_pinmux_pin_set_config
 .text._system_dummy_init
                0x00001d54        0x2 src/ASF/sam0/drivers/system/system.o
                0x00001d54                _system_extint_init
                0x00001d54                _system_events_init
                0x00001d54                _system_dummy_init
                0x00001d54                _system_divas_init
 *fill*         0x00001d56        0x2 
 .text.system_init
                0x00001d58       0x2c src/ASF/sam0/drivers/system/system.o
                0x00001d58                system_init
 .text.Dummy_Handler
                0x00001d84        0x2 src/ASF/sam0/utils/cmsis/samr21/source/gcc/startup_samr21.o
                0x00001d84                DMAC_Handler
                0x00001d84                HardFault_Handler
                0x00001d84                AC_Handler
                0x00001d84                NMI_Handler
                0x00001d84                ADC_Handler
                0x00001d84                TCC1_Handler
                0x00001d84                TCC0_Handler
                0x00001d84                RTC_Handler
                0x00001d84                EIC_Handler
                0x00001d84                WDT_Handler
                0x00001d84                TC4_Handler
                0x00001d84                USB_Handler
                0x00001d84                TC3_Handler
                0x00001d84                Dummy_Handler
                0x00001d84                PM_Handler
                0x00001d84                TCC2_Handler
                0x00001d84                EVSYS_Handler
                0x00001d84                NVMCTRL_Handler
                0x00001d84                PTC_Handler
                0x00001d84                TC5_Handler
                0x00001d84                SYSCTRL_Handler
 *fill*         0x00001d86        0x2 
 .text.Reset_Handler
                0x00001d88       0xe4 src/ASF/sam0/utils/cmsis/samr21/source/gcc/startup_samr21.o
                0x00001d88                Reset_Handler
 .text.vListInitialise
                0x00001e6c       0x16 src/ASF/thirdparty/freertos/freertos-10.0.0/Source/list.o
                0x00001e6c                vListInitialise
 .text.vListInitialiseItem
                0x00001e82        0x6 src/ASF/thirdparty/freertos/freertos-10.0.0/Source/list.o
                0x00001e82                vListInitialiseItem
 .text.vListInsertEnd
                0x00001e88       0x18 src/ASF/thirdparty/freertos/freertos-10.0.0/Source/list.o
                0x00001e88                vListInsertEnd
 .text.vListInsert
                0x00001ea0       0x2e src/ASF/thirdparty/freertos/freertos-10.0.0/Source/list.o
                0x00001ea0                vListInsert
 .text.uxListRemove
                0x00001ece       0x28 src/ASF/thirdparty/freertos/freertos-10.0.0/Source/list.o
                0x00001ece                uxListRemove
 *fill*         0x00001ef6        0x2 
 .text.prvTaskExitError
                0x00001ef8       0x24 src/ASF/thirdparty/freertos/freertos-10.0.0/Source/portable/GCC/ARM_CM0/port.o
 *fill*         0x00001f1c        0x4 
 .text.vPortStartFirstTask
                0x00001f20       0x34 src/ASF/thirdparty/freertos/freertos-10.0.0/Source/portable/GCC/ARM_CM0/port.o
 .text.pxPortInitialiseStack
                0x00001f54       0x20 src/ASF/thirdparty/freertos/freertos-10.0.0/Source/portable/GCC/ARM_CM0/port.o
                0x00001f54                pxPortInitialiseStack
 .text.SVC_Handler
                0x00001f74        0x2 src/ASF/thirdparty/freertos/freertos-10.0.0/Source/portable/GCC/ARM_CM0/port.o
                0x00001f74                SVC_Handler
 *fill*         0x00001f76        0x2 
 .text.xPortStartScheduler
                0x00001f78       0x74 src/ASF/thirdparty/freertos/freertos-10.0.0/Source/portable/GCC/ARM_CM0/port.o
                0x00001f78                xPortStartScheduler
 .text.vPortYield
                0x00001fec       0x18 src/ASF/thirdparty/freertos/freertos-10.0.0/Source/portable/GCC/ARM_CM0/port.o
                0x00001fec                vPortYield
 .text.vPortEnterCritical
                0x00002004       0x18 src/ASF/thirdparty/freertos/freertos-10.0.0/Source/portable/GCC/ARM_CM0/port.o
                0x00002004                vPortEnterCritical
 .text.vPortExitCritical
                0x0000201c       0x20 src/ASF/thirdparty/freertos/freertos-10.0.0/Source/portable/GCC/ARM_CM0/port.o
                0x0000201c                vPortExitCritical
 .text.ulSetInterruptMaskFromISR
                0x0000203c        0x8 src/ASF/thirdparty/freertos/freertos-10.0.0/Source/portable/GCC/ARM_CM0/port.o
                0x0000203c                ulSetInterruptMaskFromISR
 .text.vClearInterruptMaskFromISR
                0x00002044        0x6 src/ASF/thirdparty/freertos/freertos-10.0.0/Source/portable/GCC/ARM_CM0/port.o
                0x00002044                vClearInterruptMaskFromISR
 *fill*         0x0000204a        0x6 
 .text.PendSV_Handler
                0x00002050       0x44 src/ASF/thirdparty/freertos/freertos-10.0.0/Source/portable/GCC/ARM_CM0/port.o
                0x00002050                PendSV_Handler
 .text.SysTick_Handler
                0x00002094       0x30 src/ASF/thirdparty/freertos/freertos-10.0.0/Source/portable/GCC/ARM_CM0/port.o
                0x00002094                SysTick_Handler
 .text.pvPortMalloc
                0x000020c4       0x6c src/ASF/thirdparty/freertos/freertos-10.0.0/Source/portable/MemMang/heap_1.o
                0x000020c4                pvPortMalloc
 .text.vPortFree
                0x00002130        0xa src/ASF/thirdparty/freertos/freertos-10.0.0/Source/portable/MemMang/heap_1.o
                0x00002130                vPortFree
 *fill*         0x0000213a        0x2 
 .text.prvIsQueueEmpty
                0x0000213c       0x1c src/ASF/thirdparty/freertos/freertos-10.0.0/Source/queue.o
 .text.prvCopyDataToQueue
                0x00002158       0x7c src/ASF/thirdparty/freertos/freertos-10.0.0/Source/queue.o
 .text.prvNotifyQueueSetContainer
                0x000021d4       0x68 src/ASF/thirdparty/freertos/freertos-10.0.0/Source/queue.o
 .text.prvCopyDataFromQueue
                0x0000223c       0x28 src/ASF/thirdparty/freertos/freertos-10.0.0/Source/queue.o
 .text.prvUnlockQueue
                0x00002264       0xb0 src/ASF/thirdparty/freertos/freertos-10.0.0/Source/queue.o
 .text.xQueueGenericReset
                0x00002314       0x7c src/ASF/thirdparty/freertos/freertos-10.0.0/Source/queue.o
                0x00002314                xQueueGenericReset
 .text.xQueueGenericCreate
                0x00002390       0x48 src/ASF/thirdparty/freertos/freertos-10.0.0/Source/queue.o
                0x00002390                xQueueGenericCreate
 .text.xQueueGenericSend
                0x000023d8      0x18c src/ASF/thirdparty/freertos/freertos-10.0.0/Source/queue.o
                0x000023d8                xQueueGenericSend
 .text.xQueueCreateMutex
                0x00002564       0x2c src/ASF/thirdparty/freertos/freertos-10.0.0/Source/queue.o
                0x00002564                xQueueCreateMutex
 .text.xQueueGenericSendFromISR
                0x00002590       0xd0 src/ASF/thirdparty/freertos/freertos-10.0.0/Source/queue.o
                0x00002590                xQueueGenericSendFromISR
 .text.xQueueReceive
                0x00002660      0x154 src/ASF/thirdparty/freertos/freertos-10.0.0/Source/queue.o
                0x00002660                xQueueReceive
 .text.xQueueSemaphoreTake
                0x000027b4      0x198 src/ASF/thirdparty/freertos/freertos-10.0.0/Source/queue.o
                0x000027b4                xQueueSemaphoreTake
 .text.vQueueWaitForMessageRestricted
                0x0000294c       0x60 src/ASF/thirdparty/freertos/freertos-10.0.0/Source/queue.o
                0x0000294c                vQueueWaitForMessageRestricted
 .text.prvTaskIsTaskSuspended
                0x000029ac       0x30 src/ASF/thirdparty/freertos/freertos-10.0.0/Source/tasks.o
 .text.prvResetNextTaskUnblockTime
                0x000029dc       0x2c src/ASF/thirdparty/freertos/freertos-10.0.0/Source/tasks.o
 .text.prvIdleTask
                0x00002a08       0x80 src/ASF/thirdparty/freertos/freertos-10.0.0/Source/tasks.o
 .text.prvAddCurrentTaskToDelayedList
                0x00002a88       0x88 src/ASF/thirdparty/freertos/freertos-10.0.0/Source/tasks.o
 .text.xTaskCreate
                0x00002b10      0x1d8 src/ASF/thirdparty/freertos/freertos-10.0.0/Source/tasks.o
                0x00002b10                xTaskCreate
 .text.vTaskResume
                0x00002ce8       0x84 src/ASF/thirdparty/freertos/freertos-10.0.0/Source/tasks.o
                0x00002ce8                vTaskResume
 .text.vTaskStartScheduler
                0x00002d6c       0x70 src/ASF/thirdparty/freertos/freertos-10.0.0/Source/tasks.o
                0x00002d6c                vTaskStartScheduler
 .text.vTaskSuspendAll
                0x00002ddc       0x10 src/ASF/thirdparty/freertos/freertos-10.0.0/Source/tasks.o
                0x00002ddc                vTaskSuspendAll
 .text.xTaskGetTickCount
                0x00002dec        0xc src/ASF/thirdparty/freertos/freertos-10.0.0/Source/tasks.o
                0x00002dec                xTaskGetTickCount
 .text.xTaskIncrementTick
                0x00002df8      0x120 src/ASF/thirdparty/freertos/freertos-10.0.0/Source/tasks.o
                0x00002df8                xTaskIncrementTick
 .text.xTaskResumeAll
                0x00002f18      0x100 src/ASF/thirdparty/freertos/freertos-10.0.0/Source/tasks.o
                0x00002f18                xTaskResumeAll
 .text.vTaskDelay
                0x00003018       0x40 src/ASF/thirdparty/freertos/freertos-10.0.0/Source/tasks.o
                0x00003018                vTaskDelay
 .text.vTaskSwitchContext
                0x00003058       0x9c src/ASF/thirdparty/freertos/freertos-10.0.0/Source/tasks.o
                0x00003058                vTaskSwitchContext
 .text.vTaskSuspend
                0x000030f4       0xc8 src/ASF/thirdparty/freertos/freertos-10.0.0/Source/tasks.o
                0x000030f4                vTaskSuspend
 .text.vTaskPlaceOnEventList
                0x000031bc       0x2c src/ASF/thirdparty/freertos/freertos-10.0.0/Source/tasks.o
                0x000031bc                vTaskPlaceOnEventList
 .text.vTaskPlaceOnEventListRestricted
                0x000031e8       0x38 src/ASF/thirdparty/freertos/freertos-10.0.0/Source/tasks.o
                0x000031e8                vTaskPlaceOnEventListRestricted
 .text.xTaskRemoveFromEventList
                0x00003220       0x88 src/ASF/thirdparty/freertos/freertos-10.0.0/Source/tasks.o
                0x00003220                xTaskRemoveFromEventList
 .text.vTaskInternalSetTimeOutState
                0x000032a8       0x18 src/ASF/thirdparty/freertos/freertos-10.0.0/Source/tasks.o
                0x000032a8                vTaskInternalSetTimeOutState
 .text.xTaskCheckForTimeOut
                0x000032c0       0x70 src/ASF/thirdparty/freertos/freertos-10.0.0/Source/tasks.o
                0x000032c0                xTaskCheckForTimeOut
 .text.vTaskMissedYield
                0x00003330        0xc src/ASF/thirdparty/freertos/freertos-10.0.0/Source/tasks.o
                0x00003330                vTaskMissedYield
 .text.xTaskGetSchedulerState
                0x0000333c       0x20 src/ASF/thirdparty/freertos/freertos-10.0.0/Source/tasks.o
                0x0000333c                xTaskGetSchedulerState
 .text.xTaskPriorityInherit
                0x0000335c       0x98 src/ASF/thirdparty/freertos/freertos-10.0.0/Source/tasks.o
                0x0000335c                xTaskPriorityInherit
 .text.xTaskPriorityDisinherit
                0x000033f4       0x7c src/ASF/thirdparty/freertos/freertos-10.0.0/Source/tasks.o
                0x000033f4                xTaskPriorityDisinherit
 .text.vTaskPriorityDisinheritAfterTimeout
                0x00003470       0x8c src/ASF/thirdparty/freertos/freertos-10.0.0/Source/tasks.o
                0x00003470                vTaskPriorityDisinheritAfterTimeout
 .text.pvTaskIncrementMutexHeldCount
                0x000034fc       0x1c src/ASF/thirdparty/freertos/freertos-10.0.0/Source/tasks.o
                0x000034fc                pvTaskIncrementMutexHeldCount
 .text.prvInsertTimerInActiveList
                0x00003518       0x48 src/ASF/thirdparty/freertos/freertos-10.0.0/Source/timers.o
 .text.prvCheckForValidListAndQueue
                0x00003560       0x60 src/ASF/thirdparty/freertos/freertos-10.0.0/Source/timers.o
 .text.xTimerCreateTimerTask
                0x000035c0       0x48 src/ASF/thirdparty/freertos/freertos-10.0.0/Source/timers.o
                0x000035c0                xTimerCreateTimerTask
 .text.xTimerGenericCommand
                0x00003608       0x6c src/ASF/thirdparty/freertos/freertos-10.0.0/Source/timers.o
                0x00003608                xTimerGenericCommand
 .text.prvSampleTimeNow
                0x00003674       0xb8 src/ASF/thirdparty/freertos/freertos-10.0.0/Source/timers.o
 .text.prvTimerTask
                0x0000372c      0x188 src/ASF/thirdparty/freertos/freertos-10.0.0/Source/timers.o
 .text.uart_task
                0x000038b4       0xe4 src/demotasks.o
 .text.apaga_display
                0x00003998       0x5c src/demotasks.o
 .text.main_task
                0x000039f4      0x1f8 src/demotasks.o
 .text.about_task
                0x00003bec       0xfc src/demotasks.o
 .text.cdc_rx_handler
                0x00003ce8       0x70 src/demotasks.o
 .text.demotasks_init
                0x00003d58      0x208 src/demotasks.o
                0x00003d58                demotasks_init
 .text.main     0x00003f60       0x24 src/main.o
                0x00003f60                main
 .text          0x00003f84      0x114 c:/program files (x86)/atmel/studio/7.0/toolchain/arm/arm-gnu-toolchain/bin/../lib/gcc/arm-none-eabi/6.3.1/thumb/v6-m\libgcc.a(_udivsi3.o)
                0x00003f84                __aeabi_uidiv
                0x00003f84                __udivsi3
                0x00004090                __aeabi_uidivmod
 .text          0x00004098        0x4 c:/program files (x86)/atmel/studio/7.0/toolchain/arm/arm-gnu-toolchain/bin/../lib/gcc/arm-none-eabi/6.3.1/thumb/v6-m\libgcc.a(_dvmd_tls.o)
                0x00004098                __aeabi_idiv0
                0x00004098                __aeabi_ldiv0
 .text          0x0000409c       0x54 c:/program files (x86)/atmel/studio/7.0/toolchain/arm/arm-gnu-toolchain/bin/../lib/gcc/arm-none-eabi/6.3.1/thumb/v6-m\libgcc.a(_muldi3.o)
                0x0000409c                __muldi3
                0x0000409c                __aeabi_lmul
 .text.__libc_init_array
                0x000040f0       0x48 c:/program files (x86)/atmel/studio/7.0/toolchain/arm/arm-gnu-toolchain/bin/../lib/gcc/arm-none-eabi/6.3.1/../../../../arm-none-eabi/lib/thumb/v6-m\libc_nano.a(lib_a-init.o)
                0x000040f0                __libc_init_array
 .text.memcpy   0x00004138       0x12 c:/program files (x86)/atmel/studio/7.0/toolchain/arm/arm-gnu-toolchain/bin/../lib/gcc/arm-none-eabi/6.3.1/../../../../arm-none-eabi/lib/thumb/v6-m\libc_nano.a(lib_a-memcpy-stub.o)
                0x00004138                memcpy
 .text.memset   0x0000414a       0x10 c:/program files (x86)/atmel/studio/7.0/toolchain/arm/arm-gnu-toolchain/bin/../lib/gcc/arm-none-eabi/6.3.1/../../../../arm-none-eabi/lib/thumb/v6-m\libc_nano.a(lib_a-memset.o)
                0x0000414a                memset
 *(.glue_7t)
 .glue_7t       0x0000415a        0x0 linker stubs
 *(.glue_7)
 .glue_7        0x0000415a        0x0 linker stubs
 *(.rodata .rodata* .gnu.linkonce.r.*)
 *fill*         0x0000415a        0x2 
 .rodata.sysfont_glyphs
                0x0000415c      0x292 src/ASF/common2/services/gfx_mono/sysfont.o
 *fill*         0x000043ee        0x2 
 .rodata        0x000043f0       0x18 src/ASF/sam0/drivers/sercom/sercom.o
 .rodata.system_clock_source_get_hz
                0x00004408       0x24 src/ASF/sam0/drivers/system/clock/clock_samd21_r21_da_ha1/clock.o
 .rodata.system_clock_source_enable
                0x0000442c       0x24 src/ASF/sam0/drivers/system/clock/clock_samd21_r21_da_ha1/clock.o
 .rodata.vTaskStartScheduler.str1.4
                0x00004450        0x5 src/ASF/thirdparty/freertos/freertos-10.0.0/Source/tasks.o
 *fill*         0x00004455        0x3 
 .rodata.prvTimerTask
                0x00004458       0x28 src/ASF/thirdparty/freertos/freertos-10.0.0/Source/timers.o
 .rodata.xTimerCreateTimerTask.str1.4
                0x00004480        0x8 src/ASF/thirdparty/freertos/freertos-10.0.0/Source/timers.o
 .rodata.about_text
                0x00004488       0x3d src/demotasks.o
 *fill*         0x000044c5        0x3 
 .rodata.apaga_display.str1.4
                0x000044c8       0x15 src/demotasks.o
 *fill*         0x000044dd        0x3 
 .rodata.demotasks_init.str1.4
                0x000044e0       0x15 src/demotasks.o
 *fill*         0x000044f5        0x3 
 .rodata.main_task.str1.4
                0x000044f8       0x58 src/demotasks.o
                                 0x55 (size before relaxing)
 .rodata.menu_items_text
                0x00004550        0xc src/demotasks.o
 *(.ARM.extab* .gnu.linkonce.armextab.*)
                0x0000455c                . = ALIGN (0x4)
 *(.init)
 .init          0x0000455c        0x4 c:/program files (x86)/atmel/studio/7.0/toolchain/arm/arm-gnu-toolchain/bin/../lib/gcc/arm-none-eabi/6.3.1/thumb/v6-m/crti.o
                0x0000455c                _init
 .init          0x00004560        0x8 c:/program files (x86)/atmel/studio/7.0/toolchain/arm/arm-gnu-toolchain/bin/../lib/gcc/arm-none-eabi/6.3.1/thumb/v6-m/crtn.o
                0x00004568                . = ALIGN (0x4)
                0x00004568                __preinit_array_start = .
 *(.preinit_array)
                0x00004568                __preinit_array_end = .
                0x00004568                . = ALIGN (0x4)
                0x00004568                __init_array_start = .
 *(SORT(.init_array.*))
 *(.init_array)
 .init_array    0x00004568        0x4 c:/program files (x86)/atmel/studio/7.0/toolchain/arm/arm-gnu-toolchain/bin/../lib/gcc/arm-none-eabi/6.3.1/thumb/v6-m/crtbegin.o
                0x0000456c                __init_array_end = .
                0x0000456c                . = ALIGN (0x4)
 *crtbegin.o(.ctors)
 *(EXCLUDE_FILE(*crtend.o) .ctors)
 *(SORT(.ctors.*))
 *crtend.o(.ctors)
                0x0000456c                . = ALIGN (0x4)
 *(.fini)
 .fini          0x0000456c        0x4 c:/program files (x86)/atmel/studio/7.0/toolchain/arm/arm-gnu-toolchain/bin/../lib/gcc/arm-none-eabi/6.3.1/thumb/v6-m/crti.o
                0x0000456c                _fini
 .fini          0x00004570        0x8 c:/program files (x86)/atmel/studio/7.0/toolchain/arm/arm-gnu-toolchain/bin/../lib/gcc/arm-none-eabi/6.3.1/thumb/v6-m/crtn.o
                0x00004578                . = ALIGN (0x4)
                0x00004578                __fini_array_start = .
 *(.fini_array)
 .fini_array    0x00004578        0x4 c:/program files (x86)/atmel/studio/7.0/toolchain/arm/arm-gnu-toolchain/bin/../lib/gcc/arm-none-eabi/6.3.1/thumb/v6-m/crtbegin.o
 *(SORT(.fini_array.*))
                0x0000457c                __fini_array_end = .
 *crtbegin.o(.dtors)
 *(EXCLUDE_FILE(*crtend.o) .dtors)
 *(SORT(.dtors.*))
 *crtend.o(.dtors)
                0x0000457c                . = ALIGN (0x4)
                0x0000457c                _efixed = .
                [!provide]                PROVIDE (__exidx_start, .)

.vfp11_veneer   0x0000457c        0x0
 .vfp11_veneer  0x0000457c        0x0 linker stubs

.v4_bx          0x0000457c        0x0
 .v4_bx         0x0000457c        0x0 linker stubs

.iplt           0x0000457c        0x0
 .iplt          0x0000457c        0x0 c:/program files (x86)/atmel/studio/7.0/toolchain/arm/arm-gnu-toolchain/bin/../lib/gcc/arm-none-eabi/6.3.1/thumb/v6-m/crtbegin.o

.eh_frame       0x0000457c        0x0
 .eh_frame      0x0000457c        0x0 c:/program files (x86)/atmel/studio/7.0/toolchain/arm/arm-gnu-toolchain/bin/../lib/gcc/arm-none-eabi/6.3.1/thumb/v6-m/crtbegin.o

.rel.dyn        0x0000457c        0x0
 .rel.iplt      0x0000457c        0x0 c:/program files (x86)/atmel/studio/7.0/toolchain/arm/arm-gnu-toolchain/bin/../lib/gcc/arm-none-eabi/6.3.1/thumb/v6-m/crtbegin.o

.jcr            0x0000457c        0x0
 .jcr           0x0000457c        0x0 c:/program files (x86)/atmel/studio/7.0/toolchain/arm/arm-gnu-toolchain/bin/../lib/gcc/arm-none-eabi/6.3.1/thumb/v6-m/crtbegin.o

.igot.plt       0x0000457c        0x0
 .igot.plt      0x0000457c        0x0 c:/program files (x86)/atmel/studio/7.0/toolchain/arm/arm-gnu-toolchain/bin/../lib/gcc/arm-none-eabi/6.3.1/thumb/v6-m/crtbegin.o

.ARM.exidx
 *(.ARM.exidx* .gnu.linkonce.armexidx.*)
                [!provide]                PROVIDE (__exidx_end, .)
                0x0000457c                . = ALIGN (0x4)
                0x0000457c                _etext = .

.relocate       0x20000000       0x1c load address 0x0000457c
                0x20000000                . = ALIGN (0x4)
                0x20000000                _srelocate = .
 *(.ramfunc .ramfunc.*)
 *(.data .data.*)
 .data.cycles_per_ms
                0x20000000        0x4 src/ASF/common2/services/delay/sam0/systick_counter.o
 .data.cycles_per_us
                0x20000004        0x4 src/ASF/common2/services/delay/sam0/systick_counter.o
 .data.sysfont  0x20000008        0xc src/ASF/common2/services/gfx_mono/sysfont.o
                0x20000008                sysfont
 .data.g_interrupt_enabled
                0x20000014        0x1 src/ASF/common/utils/interrupt/interrupt_sam_nvic.o
                0x20000014                g_interrupt_enabled
 *fill*         0x20000015        0x3 
 .data.uxCriticalNesting
                0x20000018        0x4 src/ASF/thirdparty/freertos/freertos-10.0.0/Source/portable/GCC/ARM_CM0/port.o
                0x2000001c                . = ALIGN (0x4)
                0x2000001c                _erelocate = .

.bss            0x2000001c     0x4138 load address 0x00004598
                0x2000001c                . = ALIGN (0x4)
                0x2000001c                _sbss = .
                0x2000001c                _szero = .
 *(.bss .bss.*)
 .bss           0x2000001c       0x1c c:/program files (x86)/atmel/studio/7.0/toolchain/arm/arm-gnu-toolchain/bin/../lib/gcc/arm-none-eabi/6.3.1/thumb/v6-m/crtbegin.o
 .bss.fbpointer
                0x20000038        0x4 src/ASF/common2/services/gfx_mono/gfx_mono_framebuffer.o
 .bss.framebuffer
                0x2000003c      0x400 src/ASF/common2/services/gfx_mono/gfx_mono_ug_2832hsweg04.o
 .bss.cpu_irq_critical_section_counter
                0x2000043c        0x4 src/ASF/common/utils/interrupt/interrupt_sam_nvic.o
 .bss.cpu_irq_prev_interrupt_state
                0x20000440        0x1 src/ASF/common/utils/interrupt/interrupt_sam_nvic.o
 *fill*         0x20000441        0x3 
 .bss._sercom_config
                0x20000444        0x2 src/ASF/sam0/drivers/sercom/sercom.o
 .bss._handler_table_initialized
                0x20000446        0x1 src/ASF/sam0/drivers/sercom/sercom_interrupt.o
 *fill*         0x20000447        0x1 
 .bss._sercom_interrupt_handlers
                0x20000448       0x18 src/ASF/sam0/drivers/sercom/sercom_interrupt.o
 .bss._system_clock_inst
                0x20000460       0x18 src/ASF/sam0/drivers/system/clock/clock_samd21_r21_da_ha1/clock.o
 .bss.pucAlignedHeap.11681
                0x20000478        0x4 src/ASF/thirdparty/freertos/freertos-10.0.0/Source/portable/MemMang/heap_1.o
 .bss.ucHeap    0x2000047c     0x3a98 src/ASF/thirdparty/freertos/freertos-10.0.0/Source/portable/MemMang/heap_1.o
 .bss.xNextFreeByte
                0x20003f14        0x4 src/ASF/thirdparty/freertos/freertos-10.0.0/Source/portable/MemMang/heap_1.o
 .bss.pxCurrentTCB
                0x20003f18        0x4 src/ASF/thirdparty/freertos/freertos-10.0.0/Source/tasks.o
                0x20003f18                pxCurrentTCB
 .bss.pxDelayedTaskList
                0x20003f1c        0x4 src/ASF/thirdparty/freertos/freertos-10.0.0/Source/tasks.o
 .bss.pxOverflowDelayedTaskList
                0x20003f20        0x4 src/ASF/thirdparty/freertos/freertos-10.0.0/Source/tasks.o
 .bss.pxReadyTasksLists
                0x20003f24       0x64 src/ASF/thirdparty/freertos/freertos-10.0.0/Source/tasks.o
 .bss.uxCurrentNumberOfTasks
                0x20003f88        0x4 src/ASF/thirdparty/freertos/freertos-10.0.0/Source/tasks.o
 .bss.uxDeletedTasksWaitingCleanUp
                0x20003f8c        0x4 src/ASF/thirdparty/freertos/freertos-10.0.0/Source/tasks.o
 .bss.uxPendedTicks
                0x20003f90        0x4 src/ASF/thirdparty/freertos/freertos-10.0.0/Source/tasks.o
 .bss.uxSchedulerSuspended
                0x20003f94        0x4 src/ASF/thirdparty/freertos/freertos-10.0.0/Source/tasks.o
 .bss.uxTaskNumber
                0x20003f98        0x4 src/ASF/thirdparty/freertos/freertos-10.0.0/Source/tasks.o
 .bss.uxTopReadyPriority
                0x20003f9c        0x4 src/ASF/thirdparty/freertos/freertos-10.0.0/Source/tasks.o
 .bss.xDelayedTaskList1
                0x20003fa0       0x14 src/ASF/thirdparty/freertos/freertos-10.0.0/Source/tasks.o
 .bss.xDelayedTaskList2
                0x20003fb4       0x14 src/ASF/thirdparty/freertos/freertos-10.0.0/Source/tasks.o
 .bss.xIdleTaskHandle
                0x20003fc8        0x4 src/ASF/thirdparty/freertos/freertos-10.0.0/Source/tasks.o
 .bss.xNextTaskUnblockTime
                0x20003fcc        0x4 src/ASF/thirdparty/freertos/freertos-10.0.0/Source/tasks.o
 .bss.xNumOfOverflows
                0x20003fd0        0x4 src/ASF/thirdparty/freertos/freertos-10.0.0/Source/tasks.o
 .bss.xPendingReadyList
                0x20003fd4       0x14 src/ASF/thirdparty/freertos/freertos-10.0.0/Source/tasks.o
 .bss.xSchedulerRunning
                0x20003fe8        0x4 src/ASF/thirdparty/freertos/freertos-10.0.0/Source/tasks.o
 .bss.xSuspendedTaskList
                0x20003fec       0x14 src/ASF/thirdparty/freertos/freertos-10.0.0/Source/tasks.o
 .bss.xTasksWaitingTermination
                0x20004000       0x14 src/ASF/thirdparty/freertos/freertos-10.0.0/Source/tasks.o
 .bss.xTickCount
                0x20004014        0x4 src/ASF/thirdparty/freertos/freertos-10.0.0/Source/tasks.o
 .bss.xYieldPending
                0x20004018        0x4 src/ASF/thirdparty/freertos/freertos-10.0.0/Source/tasks.o
 .bss.pxCurrentTimerList
                0x2000401c        0x4 src/ASF/thirdparty/freertos/freertos-10.0.0/Source/timers.o
 .bss.pxOverflowTimerList
                0x20004020        0x4 src/ASF/thirdparty/freertos/freertos-10.0.0/Source/timers.o
 .bss.xActiveTimerList1
                0x20004024       0x14 src/ASF/thirdparty/freertos/freertos-10.0.0/Source/timers.o
 .bss.xActiveTimerList2
                0x20004038       0x14 src/ASF/thirdparty/freertos/freertos-10.0.0/Source/timers.o
 .bss.xLastTime.11973
                0x2000404c        0x4 src/ASF/thirdparty/freertos/freertos-10.0.0/Source/timers.o
 .bss.xTimerQueue
                0x20004050        0x4 src/ASF/thirdparty/freertos/freertos-10.0.0/Source/timers.o
 .bss.xTimerTaskHandle
                0x20004054        0x4 src/ASF/thirdparty/freertos/freertos-10.0.0/Source/timers.o
 .bss.about_task_handle
                0x20004058        0x4 src/demotasks.o
 .bss.cdc_usart
                0x2000405c       0x34 src/demotasks.o
 .bss.display_mutex
                0x20004090        0x4 src/demotasks.o
 .bss.terminal_buffer
                0x20004094       0x58 src/demotasks.o
 .bss.terminal_in_queue
                0x200040ec        0x4 src/demotasks.o
 .bss.terminal_line_offset
                0x200040f0        0x1 src/demotasks.o
 *fill*         0x200040f1        0x3 
 .bss.terminal_mutex
                0x200040f4        0x4 src/demotasks.o
 *(COMMON)
 COMMON         0x200040f8       0x3f src/ASF/common2/components/display/ssd1306/ssd1306.o
                0x200040f8                ssd1306_master
                0x20004134                ssd1306_slave
 *fill*         0x20004137        0x1 
 COMMON         0x20004138       0x18 src/ASF/sam0/drivers/sercom/sercom_interrupt.o
                0x20004138                _sercom_instances
 COMMON         0x20004150        0x2 src/ASF/sam0/drivers/sercom/spi/spi_interrupt.o
                0x20004150                dummy_write
                0x20004154                . = ALIGN (0x4)
 *fill*         0x20004152        0x2 
                0x20004154                _ebss = .
                0x20004154                _ezero = .

.stack          0x20004154     0x2004 load address 0x000086d0
                0x20004158                . = ALIGN (0x8)
 *fill*         0x20004154        0x4 
                0x20004158                _sstack = .
                0x20006158                . = (. + STACK_SIZE)
 *fill*         0x20004158     0x2000 
                0x20006158                . = ALIGN (0x8)
                0x20006158                _estack = .
                0x20006158                . = ALIGN (0x4)
                0x20006158                _end = .
OUTPUT(FREERTOS_OLED1_XPRO_EXAMPLE2.elf elf32-littlearm)

.ARM.attributes
                0x00000000       0x28
 .ARM.attributes
                0x00000000       0x1e c:/program files (x86)/atmel/studio/7.0/toolchain/arm/arm-gnu-toolchain/bin/../lib/gcc/arm-none-eabi/6.3.1/thumb/v6-m/crti.o
 .ARM.attributes
                0x0000001e       0x2c c:/program files (x86)/atmel/studio/7.0/toolchain/arm/arm-gnu-toolchain/bin/../lib/gcc/arm-none-eabi/6.3.1/thumb/v6-m/crtbegin.o
 .ARM.attributes
                0x0000004a       0x32 src/ASF/common2/components/display/ssd1306/ssd1306.o
 .ARM.attributes
                0x0000007c       0x32 src/ASF/common2/services/delay/sam0/systick_counter.o
 .ARM.attributes
                0x000000ae       0x32 src/ASF/common2/services/gfx_mono/gfx_mono_framebuffer.o
 .ARM.attributes
                0x000000e0       0x32 src/ASF/common2/services/gfx_mono/gfx_mono_generic.o
 .ARM.attributes
                0x00000112       0x32 src/ASF/common2/services/gfx_mono/gfx_mono_text.o
 .ARM.attributes
                0x00000144       0x32 src/ASF/common2/services/gfx_mono/gfx_mono_ug_2832hsweg04.o
 .ARM.attributes
                0x00000176       0x32 src/ASF/common2/services/gfx_mono/sysfont.o
 .ARM.attributes
                0x000001a8       0x32 src/ASF/common/utils/interrupt/interrupt_sam_nvic.o
 .ARM.attributes
                0x000001da       0x32 src/ASF/sam0/boards/samr21_xplained_pro/board_init.o
 .ARM.attributes
                0x0000020c       0x32 src/ASF/sam0/drivers/port/port.o
 .ARM.attributes
                0x0000023e       0x32 src/ASF/sam0/drivers/sercom/sercom.o
 .ARM.attributes
                0x00000270       0x32 src/ASF/sam0/drivers/sercom/sercom_interrupt.o
 .ARM.attributes
                0x000002a2       0x32 src/ASF/sam0/drivers/sercom/spi/spi.o
 .ARM.attributes
                0x000002d4       0x32 src/ASF/sam0/drivers/sercom/spi/spi_interrupt.o
 .ARM.attributes
                0x00000306       0x32 src/ASF/sam0/drivers/sercom/usart/usart.o
 .ARM.attributes
                0x00000338       0x32 src/ASF/sam0/drivers/sercom/usart/usart_interrupt.o
 .ARM.attributes
                0x0000036a       0x32 src/ASF/sam0/drivers/system/clock/clock_samd21_r21_da_ha1/clock.o
 .ARM.attributes
                0x0000039c       0x32 src/ASF/sam0/drivers/system/clock/clock_samd21_r21_da_ha1/gclk.o
 .ARM.attributes
                0x000003ce       0x32 src/ASF/sam0/drivers/system/pinmux/pinmux.o
 .ARM.attributes
                0x00000400       0x32 src/ASF/sam0/drivers/system/system.o
 .ARM.attributes
                0x00000432       0x32 src/ASF/sam0/utils/cmsis/samr21/source/gcc/startup_samr21.o
 .ARM.attributes
                0x00000464       0x32 src/ASF/thirdparty/freertos/freertos-10.0.0/Source/list.o
 .ARM.attributes
                0x00000496       0x32 src/ASF/thirdparty/freertos/freertos-10.0.0/Source/portable/GCC/ARM_CM0/port.o
 .ARM.attributes
                0x000004c8       0x32 src/ASF/thirdparty/freertos/freertos-10.0.0/Source/portable/MemMang/heap_1.o
 .ARM.attributes
                0x000004fa       0x32 src/ASF/thirdparty/freertos/freertos-10.0.0/Source/queue.o
 .ARM.attributes
                0x0000052c       0x32 src/ASF/thirdparty/freertos/freertos-10.0.0/Source/tasks.o
 .ARM.attributes
                0x0000055e       0x32 src/ASF/thirdparty/freertos/freertos-10.0.0/Source/timers.o
 .ARM.attributes
                0x00000590       0x32 src/demotasks.o
 .ARM.attributes
                0x000005c2       0x32 src/main.o
 .ARM.attributes
                0x000005f4       0x1e c:/program files (x86)/atmel/studio/7.0/toolchain/arm/arm-gnu-toolchain/bin/../lib/gcc/arm-none-eabi/6.3.1/thumb/v6-m\libgcc.a(_udivsi3.o)
 .ARM.attributes
                0x00000612       0x1e c:/program files (x86)/atmel/studio/7.0/toolchain/arm/arm-gnu-toolchain/bin/../lib/gcc/arm-none-eabi/6.3.1/thumb/v6-m\libgcc.a(_dvmd_tls.o)
 .ARM.attributes
                0x00000630       0x2c c:/program files (x86)/atmel/studio/7.0/toolchain/arm/arm-gnu-toolchain/bin/../lib/gcc/arm-none-eabi/6.3.1/thumb/v6-m\libgcc.a(_muldi3.o)
 .ARM.attributes
                0x0000065c       0x2c c:/program files (x86)/atmel/studio/7.0/toolchain/arm/arm-gnu-toolchain/bin/../lib/gcc/arm-none-eabi/6.3.1/../../../../arm-none-eabi/lib/thumb/v6-m\libc_nano.a(lib_a-init.o)
 .ARM.attributes
                0x00000688       0x2c c:/program files (x86)/atmel/studio/7.0/toolchain/arm/arm-gnu-toolchain/bin/../lib/gcc/arm-none-eabi/6.3.1/../../../../arm-none-eabi/lib/thumb/v6-m\libc_nano.a(lib_a-memcpy-stub.o)
 .ARM.attributes
                0x000006b4       0x2c c:/program files (x86)/atmel/studio/7.0/toolchain/arm/arm-gnu-toolchain/bin/../lib/gcc/arm-none-eabi/6.3.1/../../../../arm-none-eabi/lib/thumb/v6-m\libc_nano.a(lib_a-memset.o)
 .ARM.attributes
                0x000006e0       0x1e c:/program files (x86)/atmel/studio/7.0/toolchain/arm/arm-gnu-toolchain/bin/../lib/gcc/arm-none-eabi/6.3.1/thumb/v6-m/crtn.o

.comment        0x00000000       0x59
 .comment       0x00000000       0x59 src/ASF/common2/components/display/ssd1306/ssd1306.o
                                 0x5a (size before relaxing)
 .comment       0x00000059       0x5a src/ASF/common2/services/delay/sam0/systick_counter.o
 .comment       0x00000059       0x5a src/ASF/common2/services/gfx_mono/gfx_mono_framebuffer.o
 .comment       0x00000059       0x5a src/ASF/common2/services/gfx_mono/gfx_mono_generic.o
 .comment       0x00000059       0x5a src/ASF/common2/services/gfx_mono/gfx_mono_text.o
 .comment       0x00000059       0x5a src/ASF/common2/services/gfx_mono/gfx_mono_ug_2832hsweg04.o
 .comment       0x00000059       0x5a src/ASF/common2/services/gfx_mono/sysfont.o
 .comment       0x00000059       0x5a src/ASF/common/utils/interrupt/interrupt_sam_nvic.o
 .comment       0x00000059       0x5a src/ASF/sam0/boards/samr21_xplained_pro/board_init.o
 .comment       0x00000059       0x5a src/ASF/sam0/drivers/port/port.o
 .comment       0x00000059       0x5a src/ASF/sam0/drivers/sercom/sercom.o
 .comment       0x00000059       0x5a src/ASF/sam0/drivers/sercom/sercom_interrupt.o
 .comment       0x00000059       0x5a src/ASF/sam0/drivers/sercom/spi/spi.o
 .comment       0x00000059       0x5a src/ASF/sam0/drivers/sercom/spi/spi_interrupt.o
 .comment       0x00000059       0x5a src/ASF/sam0/drivers/sercom/usart/usart.o
 .comment       0x00000059       0x5a src/ASF/sam0/drivers/sercom/usart/usart_interrupt.o
 .comment       0x00000059       0x5a src/ASF/sam0/drivers/system/clock/clock_samd21_r21_da_ha1/clock.o
 .comment       0x00000059       0x5a src/ASF/sam0/drivers/system/clock/clock_samd21_r21_da_ha1/gclk.o
 .comment       0x00000059       0x5a src/ASF/sam0/drivers/system/pinmux/pinmux.o
 .comment       0x00000059       0x5a src/ASF/sam0/drivers/system/system.o
 .comment       0x00000059       0x5a src/ASF/sam0/utils/cmsis/samr21/source/gcc/startup_samr21.o
 .comment       0x00000059       0x5a src/ASF/thirdparty/freertos/freertos-10.0.0/Source/list.o
 .comment       0x00000059       0x5a src/ASF/thirdparty/freertos/freertos-10.0.0/Source/portable/GCC/ARM_CM0/port.o
 .comment       0x00000059       0x5a src/ASF/thirdparty/freertos/freertos-10.0.0/Source/portable/MemMang/heap_1.o
 .comment       0x00000059       0x5a src/ASF/thirdparty/freertos/freertos-10.0.0/Source/queue.o
 .comment       0x00000059       0x5a src/ASF/thirdparty/freertos/freertos-10.0.0/Source/tasks.o
 .comment       0x00000059       0x5a src/ASF/thirdparty/freertos/freertos-10.0.0/Source/timers.o
 .comment       0x00000059       0x5a src/demotasks.o
 .comment       0x00000059       0x5a src/main.o

.debug_info     0x00000000    0x48d77
 .debug_info    0x00000000     0x4223 src/ASF/common2/components/display/ssd1306/ssd1306.o
 .debug_info    0x00004223      0xb8d src/ASF/common2/services/delay/sam0/systick_counter.o
 .debug_info    0x00004db0     0x2f84 src/ASF/common2/services/gfx_mono/gfx_mono_framebuffer.o
 .debug_info    0x00007d34     0x35ff src/ASF/common2/services/gfx_mono/gfx_mono_generic.o
 .debug_info    0x0000b333     0x2fcd src/ASF/common2/services/gfx_mono/gfx_mono_text.o
 .debug_info    0x0000e300     0x3344 src/ASF/common2/services/gfx_mono/gfx_mono_ug_2832hsweg04.o
 .debug_info    0x00011644     0x2cbb src/ASF/common2/services/gfx_mono/sysfont.o
 .debug_info    0x000142ff      0xb07 src/ASF/common/utils/interrupt/interrupt_sam_nvic.o
 .debug_info    0x00014e06     0x12ac src/ASF/sam0/boards/samr21_xplained_pro/board_init.o
 .debug_info    0x000160b2     0x12b6 src/ASF/sam0/drivers/port/port.o
 .debug_info    0x00017368     0x2dc7 src/ASF/sam0/drivers/sercom/sercom.o
 .debug_info    0x0001a12f     0x2bb7 src/ASF/sam0/drivers/sercom/sercom_interrupt.o
 .debug_info    0x0001cce6     0x5e39 src/ASF/sam0/drivers/sercom/spi/spi.o
 .debug_info    0x00022b1f     0x3197 src/ASF/sam0/drivers/sercom/spi/spi_interrupt.o
 .debug_info    0x00025cb6     0x4a10 src/ASF/sam0/drivers/sercom/usart/usart.o
 .debug_info    0x0002a6c6     0x3048 src/ASF/sam0/drivers/sercom/usart/usart_interrupt.o
 .debug_info    0x0002d70e     0x3749 src/ASF/sam0/drivers/system/clock/clock_samd21_r21_da_ha1/clock.o
 .debug_info    0x00030e57     0x1e27 src/ASF/sam0/drivers/system/clock/clock_samd21_r21_da_ha1/gclk.o
 .debug_info    0x00032c7e     0x1374 src/ASF/sam0/drivers/system/pinmux/pinmux.o
 .debug_info    0x00033ff2      0xa73 src/ASF/sam0/drivers/system/system.o
 .debug_info    0x00034a65     0x3a2c src/ASF/sam0/utils/cmsis/samr21/source/gcc/startup_samr21.o
 .debug_info    0x00038491      0xc60 src/ASF/thirdparty/freertos/freertos-10.0.0/Source/list.o
 .debug_info    0x000390f1      0xd01 src/ASF/thirdparty/freertos/freertos-10.0.0/Source/portable/GCC/ARM_CM0/port.o
 .debug_info    0x00039df2      0xb54 src/ASF/thirdparty/freertos/freertos-10.0.0/Source/portable/MemMang/heap_1.o
 .debug_info    0x0003a946     0x257b src/ASF/thirdparty/freertos/freertos-10.0.0/Source/queue.o
 .debug_info    0x0003cec1     0x28c2 src/ASF/thirdparty/freertos/freertos-10.0.0/Source/tasks.o
 .debug_info    0x0003f783     0x18d5 src/ASF/thirdparty/freertos/freertos-10.0.0/Source/timers.o
 .debug_info    0x00041058     0x5160 src/demotasks.o
 .debug_info    0x000461b8     0x2bbf src/main.o

.debug_abbrev   0x00000000     0x5f82
 .debug_abbrev  0x00000000      0x402 src/ASF/common2/components/display/ssd1306/ssd1306.o
 .debug_abbrev  0x00000402      0x24b src/ASF/common2/services/delay/sam0/systick_counter.o
 .debug_abbrev  0x0000064d      0x306 src/ASF/common2/services/gfx_mono/gfx_mono_framebuffer.o
 .debug_abbrev  0x00000953      0x319 src/ASF/common2/services/gfx_mono/gfx_mono_generic.o
 .debug_abbrev  0x00000c6c      0x383 src/ASF/common2/services/gfx_mono/gfx_mono_text.o
 .debug_abbrev  0x00000fef      0x3bc src/ASF/common2/services/gfx_mono/gfx_mono_ug_2832hsweg04.o
 .debug_abbrev  0x000013ab      0x238 src/ASF/common2/services/gfx_mono/sysfont.o
 .debug_abbrev  0x000015e3      0x22c src/ASF/common/utils/interrupt/interrupt_sam_nvic.o
 .debug_abbrev  0x0000180f      0x2dc src/ASF/sam0/boards/samr21_xplained_pro/board_init.o
 .debug_abbrev  0x00001aeb      0x298 src/ASF/sam0/drivers/port/port.o
 .debug_abbrev  0x00001d83      0x378 src/ASF/sam0/drivers/sercom/sercom.o
 .debug_abbrev  0x000020fb      0x2d8 src/ASF/sam0/drivers/sercom/sercom_interrupt.o
 .debug_abbrev  0x000023d3      0x510 src/ASF/sam0/drivers/sercom/spi/spi.o
 .debug_abbrev  0x000028e3      0x3fd src/ASF/sam0/drivers/sercom/spi/spi_interrupt.o
 .debug_abbrev  0x00002ce0      0x488 src/ASF/sam0/drivers/sercom/usart/usart.o
 .debug_abbrev  0x00003168      0x416 src/ASF/sam0/drivers/sercom/usart/usart_interrupt.o
 .debug_abbrev  0x0000357e      0x465 src/ASF/sam0/drivers/system/clock/clock_samd21_r21_da_ha1/clock.o
 .debug_abbrev  0x000039e3      0x40d src/ASF/sam0/drivers/system/clock/clock_samd21_r21_da_ha1/gclk.o
 .debug_abbrev  0x00003df0      0x332 src/ASF/sam0/drivers/system/pinmux/pinmux.o
 .debug_abbrev  0x00004122      0x1e1 src/ASF/sam0/drivers/system/system.o
 .debug_abbrev  0x00004303      0x234 src/ASF/sam0/utils/cmsis/samr21/source/gcc/startup_samr21.o
 .debug_abbrev  0x00004537      0x23b src/ASF/thirdparty/freertos/freertos-10.0.0/Source/list.o
 .debug_abbrev  0x00004772      0x314 src/ASF/thirdparty/freertos/freertos-10.0.0/Source/portable/GCC/ARM_CM0/port.o
 .debug_abbrev  0x00004a86      0x261 src/ASF/thirdparty/freertos/freertos-10.0.0/Source/portable/MemMang/heap_1.o
 .debug_abbrev  0x00004ce7      0x3a3 src/ASF/thirdparty/freertos/freertos-10.0.0/Source/queue.o
 .debug_abbrev  0x0000508a      0x3df src/ASF/thirdparty/freertos/freertos-10.0.0/Source/tasks.o
 .debug_abbrev  0x00005469      0x3b9 src/ASF/thirdparty/freertos/freertos-10.0.0/Source/timers.o
 .debug_abbrev  0x00005822      0x4f6 src/demotasks.o
 .debug_abbrev  0x00005d18      0x26a src/main.o

.debug_loc      0x00000000     0xd51b
 .debug_loc     0x00000000      0x415 src/ASF/common2/components/display/ssd1306/ssd1306.o
 .debug_loc     0x00000415       0xe4 src/ASF/common2/services/delay/sam0/systick_counter.o
 .debug_loc     0x000004f9      0x539 src/ASF/common2/services/gfx_mono/gfx_mono_framebuffer.o
 .debug_loc     0x00000a32      0xd60 src/ASF/common2/services/gfx_mono/gfx_mono_generic.o
 .debug_loc     0x00001792      0x7ab src/ASF/common2/services/gfx_mono/gfx_mono_text.o
 .debug_loc     0x00001f3d      0x760 src/ASF/common2/services/gfx_mono/gfx_mono_ug_2832hsweg04.o
 .debug_loc     0x0000269d       0x8a src/ASF/sam0/boards/samr21_xplained_pro/board_init.o
 .debug_loc     0x00002727      0x13d src/ASF/sam0/drivers/port/port.o
 .debug_loc     0x00002864      0x9d5 src/ASF/sam0/drivers/sercom/sercom.o
 .debug_loc     0x00003239      0x161 src/ASF/sam0/drivers/sercom/sercom_interrupt.o
 .debug_loc     0x0000339a     0x19c3 src/ASF/sam0/drivers/sercom/spi/spi.o
 .debug_loc     0x00004d5d      0x632 src/ASF/sam0/drivers/sercom/spi/spi_interrupt.o
 .debug_loc     0x0000538f      0xe2f src/ASF/sam0/drivers/sercom/usart/usart.o
 .debug_loc     0x000061be      0x711 src/ASF/sam0/drivers/sercom/usart/usart_interrupt.o
 .debug_loc     0x000068cf      0xedf src/ASF/sam0/drivers/system/clock/clock_samd21_r21_da_ha1/clock.o
 .debug_loc     0x000077ae      0x504 src/ASF/sam0/drivers/system/clock/clock_samd21_r21_da_ha1/gclk.o
 .debug_loc     0x00007cb2      0x322 src/ASF/sam0/drivers/system/pinmux/pinmux.o
 .debug_loc     0x00007fd4       0x20 src/ASF/sam0/drivers/system/system.o
 .debug_loc     0x00007ff4       0x40 src/ASF/sam0/utils/cmsis/samr21/source/gcc/startup_samr21.o
 .debug_loc     0x00008034       0x72 src/ASF/thirdparty/freertos/freertos-10.0.0/Source/list.o
 .debug_loc     0x000080a6      0x133 src/ASF/thirdparty/freertos/freertos-10.0.0/Source/portable/GCC/ARM_CM0/port.o
 .debug_loc     0x000081d9       0x7f src/ASF/thirdparty/freertos/freertos-10.0.0/Source/portable/MemMang/heap_1.o
 .debug_loc     0x00008258     0x1dd0 src/ASF/thirdparty/freertos/freertos-10.0.0/Source/queue.o
 .debug_loc     0x0000a028     0x1e18 src/ASF/thirdparty/freertos/freertos-10.0.0/Source/tasks.o
 .debug_loc     0x0000be40      0xbf9 src/ASF/thirdparty/freertos/freertos-10.0.0/Source/timers.o
 .debug_loc     0x0000ca39      0xac2 src/demotasks.o
 .debug_loc     0x0000d4fb       0x20 src/main.o

.debug_aranges  0x00000000      0xa38
 .debug_aranges
                0x00000000       0x30 src/ASF/common2/components/display/ssd1306/ssd1306.o
 .debug_aranges
                0x00000030       0x30 src/ASF/common2/services/delay/sam0/systick_counter.o
 .debug_aranges
                0x00000060       0x58 src/ASF/common2/services/gfx_mono/gfx_mono_framebuffer.o
 .debug_aranges
                0x000000b8       0x58 src/ASF/common2/services/gfx_mono/gfx_mono_generic.o
 .debug_aranges
                0x00000110       0x40 src/ASF/common2/services/gfx_mono/gfx_mono_text.o
 .debug_aranges
                0x00000150       0x60 src/ASF/common2/services/gfx_mono/gfx_mono_ug_2832hsweg04.o
 .debug_aranges
                0x000001b0       0x18 src/ASF/common2/services/gfx_mono/sysfont.o
 .debug_aranges
                0x000001c8       0x28 src/ASF/common/utils/interrupt/interrupt_sam_nvic.o
 .debug_aranges
                0x000001f0       0x20 src/ASF/sam0/boards/samr21_xplained_pro/board_init.o
 .debug_aranges
                0x00000210       0x28 src/ASF/sam0/drivers/port/port.o
 .debug_aranges
                0x00000238       0x48 src/ASF/sam0/drivers/sercom/sercom.o
 .debug_aranges
                0x00000280       0x60 src/ASF/sam0/drivers/sercom/sercom_interrupt.o
 .debug_aranges
                0x000002e0       0x58 src/ASF/sam0/drivers/sercom/spi/spi.o
 .debug_aranges
                0x00000338       0x50 src/ASF/sam0/drivers/sercom/spi/spi_interrupt.o
 .debug_aranges
                0x00000388       0x40 src/ASF/sam0/drivers/sercom/usart/usart.o
 .debug_aranges
                0x000003c8       0x70 src/ASF/sam0/drivers/sercom/usart/usart_interrupt.o
 .debug_aranges
                0x00000438       0x78 src/ASF/sam0/drivers/system/clock/clock_samd21_r21_da_ha1/clock.o
 .debug_aranges
                0x000004b0       0x80 src/ASF/sam0/drivers/system/clock/clock_samd21_r21_da_ha1/gclk.o
 .debug_aranges
                0x00000530       0x38 src/ASF/sam0/drivers/system/pinmux/pinmux.o
 .debug_aranges
                0x00000568       0x28 src/ASF/sam0/drivers/system/system.o
 .debug_aranges
                0x00000590       0x28 src/ASF/sam0/utils/cmsis/samr21/source/gcc/startup_samr21.o
 .debug_aranges
                0x000005b8       0x40 src/ASF/thirdparty/freertos/freertos-10.0.0/Source/list.o
 .debug_aranges
                0x000005f8       0x80 src/ASF/thirdparty/freertos/freertos-10.0.0/Source/portable/GCC/ARM_CM0/port.o
 .debug_aranges
                0x00000678       0x38 src/ASF/thirdparty/freertos/freertos-10.0.0/Source/portable/MemMang/heap_1.o
 .debug_aranges
                0x000006b0      0x110 src/ASF/thirdparty/freertos/freertos-10.0.0/Source/queue.o
 .debug_aranges
                0x000007c0      0x188 src/ASF/thirdparty/freertos/freertos-10.0.0/Source/tasks.o
 .debug_aranges
                0x00000948       0x88 src/ASF/thirdparty/freertos/freertos-10.0.0/Source/timers.o
 .debug_aranges
                0x000009d0       0x48 src/demotasks.o
 .debug_aranges
                0x00000a18       0x20 src/main.o

.debug_ranges   0x00000000      0xef8
 .debug_ranges  0x00000000       0x50 src/ASF/common2/components/display/ssd1306/ssd1306.o
 .debug_ranges  0x00000050       0x50 src/ASF/common2/services/delay/sam0/systick_counter.o
 .debug_ranges  0x000000a0       0x48 src/ASF/common2/services/gfx_mono/gfx_mono_framebuffer.o
 .debug_ranges  0x000000e8       0x48 src/ASF/common2/services/gfx_mono/gfx_mono_generic.o
 .debug_ranges  0x00000130       0x48 src/ASF/common2/services/gfx_mono/gfx_mono_text.o
 .debug_ranges  0x00000178       0x68 src/ASF/common2/services/gfx_mono/gfx_mono_ug_2832hsweg04.o
 .debug_ranges  0x000001e0       0x18 src/ASF/common/utils/interrupt/interrupt_sam_nvic.o
 .debug_ranges  0x000001f8       0x10 src/ASF/sam0/boards/samr21_xplained_pro/board_init.o
 .debug_ranges  0x00000208       0x18 src/ASF/sam0/drivers/port/port.o
 .debug_ranges  0x00000220       0x50 src/ASF/sam0/drivers/sercom/sercom.o
 .debug_ranges  0x00000270       0x50 src/ASF/sam0/drivers/sercom/sercom_interrupt.o
 .debug_ranges  0x000002c0      0x240 src/ASF/sam0/drivers/sercom/spi/spi.o
 .debug_ranges  0x00000500       0xb8 src/ASF/sam0/drivers/sercom/spi/spi_interrupt.o
 .debug_ranges  0x000005b8      0x140 src/ASF/sam0/drivers/sercom/usart/usart.o
 .debug_ranges  0x000006f8       0x60 src/ASF/sam0/drivers/sercom/usart/usart_interrupt.o
 .debug_ranges  0x00000758       0x68 src/ASF/sam0/drivers/system/clock/clock_samd21_r21_da_ha1/clock.o
 .debug_ranges  0x000007c0       0x88 src/ASF/sam0/drivers/system/clock/clock_samd21_r21_da_ha1/gclk.o
 .debug_ranges  0x00000848       0x28 src/ASF/sam0/drivers/system/pinmux/pinmux.o
 .debug_ranges  0x00000870       0x18 src/ASF/sam0/drivers/system/system.o
 .debug_ranges  0x00000888       0x18 src/ASF/sam0/utils/cmsis/samr21/source/gcc/startup_samr21.o
 .debug_ranges  0x000008a0       0x30 src/ASF/thirdparty/freertos/freertos-10.0.0/Source/list.o
 .debug_ranges  0x000008d0       0x70 src/ASF/thirdparty/freertos/freertos-10.0.0/Source/portable/GCC/ARM_CM0/port.o
 .debug_ranges  0x00000940       0x28 src/ASF/thirdparty/freertos/freertos-10.0.0/Source/portable/MemMang/heap_1.o
 .debug_ranges  0x00000968      0x1f0 src/ASF/thirdparty/freertos/freertos-10.0.0/Source/queue.o
 .debug_ranges  0x00000b58      0x230 src/ASF/thirdparty/freertos/freertos-10.0.0/Source/tasks.o
 .debug_ranges  0x00000d88       0xb0 src/ASF/thirdparty/freertos/freertos-10.0.0/Source/timers.o
 .debug_ranges  0x00000e38       0xb0 src/demotasks.o
 .debug_ranges  0x00000ee8       0x10 src/main.o

.debug_macro    0x00000000    0x1eb8a
 .debug_macro   0x00000000      0x616 src/ASF/common2/components/display/ssd1306/ssd1306.o
 .debug_macro   0x00000616      0x8d4 src/ASF/common2/components/display/ssd1306/ssd1306.o
 .debug_macro   0x00000eea      0x16d src/ASF/common2/components/display/ssd1306/ssd1306.o
 .debug_macro   0x00001057      0x6d7 src/ASF/common2/components/display/ssd1306/ssd1306.o
 .debug_macro   0x0000172e       0x22 src/ASF/common2/components/display/ssd1306/ssd1306.o
 .debug_macro   0x00001750       0x87 src/ASF/common2/components/display/ssd1306/ssd1306.o
 .debug_macro   0x000017d7       0x51 src/ASF/common2/components/display/ssd1306/ssd1306.o
 .debug_macro   0x00001828       0xef src/ASF/common2/components/display/ssd1306/ssd1306.o
 .debug_macro   0x00001917       0x6a src/ASF/common2/components/display/ssd1306/ssd1306.o
 .debug_macro   0x00001981      0x1df src/ASF/common2/components/display/ssd1306/ssd1306.o
 .debug_macro   0x00001b60       0x10 src/ASF/common2/components/display/ssd1306/ssd1306.o
 .debug_macro   0x00001b70       0x76 src/ASF/common2/components/display/ssd1306/ssd1306.o
 .debug_macro   0x00001be6       0x16 src/ASF/common2/components/display/ssd1306/ssd1306.o
 .debug_macro   0x00001bfc      0x6db src/ASF/common2/components/display/ssd1306/ssd1306.o
 .debug_macro   0x000022d7      0xdd8 src/ASF/common2/components/display/ssd1306/ssd1306.o
 .debug_macro   0x000030af       0x22 src/ASF/common2/components/display/ssd1306/ssd1306.o
 .debug_macro   0x000030d1       0x40 src/ASF/common2/components/display/ssd1306/ssd1306.o
 .debug_macro   0x00003111       0x3a src/ASF/common2/components/display/ssd1306/ssd1306.o
 .debug_macro   0x0000314b       0x1f src/ASF/common2/components/display/ssd1306/ssd1306.o
 .debug_macro   0x0000316a      0x250 src/ASF/common2/components/display/ssd1306/ssd1306.o
 .debug_macro   0x000033ba      0x681 src/ASF/common2/components/display/ssd1306/ssd1306.o
 .debug_macro   0x00003a3b      0x8b5 src/ASF/common2/components/display/ssd1306/ssd1306.o
 .debug_macro   0x000042f0      0xd60 src/ASF/common2/components/display/ssd1306/ssd1306.o
 .debug_macro   0x00005050      0x4cb src/ASF/common2/components/display/ssd1306/ssd1306.o
 .debug_macro   0x0000551b      0x9f8 src/ASF/common2/components/display/ssd1306/ssd1306.o
 .debug_macro   0x00005f13      0x82b src/ASF/common2/components/display/ssd1306/ssd1306.o
 .debug_macro   0x0000673e      0x455 src/ASF/common2/components/display/ssd1306/ssd1306.o
 .debug_macro   0x00006b93       0x5e src/ASF/common2/components/display/ssd1306/ssd1306.o
 .debug_macro   0x00006bf1      0x21c src/ASF/common2/components/display/ssd1306/ssd1306.o
 .debug_macro   0x00006e0d      0x78d src/ASF/common2/components/display/ssd1306/ssd1306.o
 .debug_macro   0x0000759a       0x5e src/ASF/common2/components/display/ssd1306/ssd1306.o
 .debug_macro   0x000075f8      0x60a src/ASF/common2/components/display/ssd1306/ssd1306.o
 .debug_macro   0x00007c02      0x3b6 src/ASF/common2/components/display/ssd1306/ssd1306.o
 .debug_macro   0x00007fb8       0x94 src/ASF/common2/components/display/ssd1306/ssd1306.o
 .debug_macro   0x0000804c      0xc50 src/ASF/common2/components/display/ssd1306/ssd1306.o
 .debug_macro   0x00008c9c     0x1092 src/ASF/common2/components/display/ssd1306/ssd1306.o
 .debug_macro   0x00009d2e      0xc4a src/ASF/common2/components/display/ssd1306/ssd1306.o
 .debug_macro   0x0000a978      0x6ba src/ASF/common2/components/display/ssd1306/ssd1306.o
 .debug_macro   0x0000b032     0x1b41 src/ASF/common2/components/display/ssd1306/ssd1306.o
 .debug_macro   0x0000cb73     0x1440 src/ASF/common2/components/display/ssd1306/ssd1306.o
 .debug_macro   0x0000dfb3      0x344 src/ASF/common2/components/display/ssd1306/ssd1306.o
 .debug_macro   0x0000e2f7       0x7c src/ASF/common2/components/display/ssd1306/ssd1306.o
 .debug_macro   0x0000e373       0xa0 src/ASF/common2/components/display/ssd1306/ssd1306.o
 .debug_macro   0x0000e413       0xca src/ASF/common2/components/display/ssd1306/ssd1306.o
 .debug_macro   0x0000e4dd       0x94 src/ASF/common2/components/display/ssd1306/ssd1306.o
 .debug_macro   0x0000e571       0x58 src/ASF/common2/components/display/ssd1306/ssd1306.o
 .debug_macro   0x0000e5c9      0x35a src/ASF/common2/components/display/ssd1306/ssd1306.o
 .debug_macro   0x0000e923       0x82 src/ASF/common2/components/display/ssd1306/ssd1306.o
 .debug_macro   0x0000e9a5      0x18d src/ASF/common2/components/display/ssd1306/ssd1306.o
 .debug_macro   0x0000eb32       0xa0 src/ASF/common2/components/display/ssd1306/ssd1306.o
 .debug_macro   0x0000ebd2       0xb2 src/ASF/common2/components/display/ssd1306/ssd1306.o
 .debug_macro   0x0000ec84       0x1c src/ASF/common2/components/display/ssd1306/ssd1306.o
 .debug_macro   0x0000eca0       0x1c src/ASF/common2/components/display/ssd1306/ssd1306.o
 .debug_macro   0x0000ecbc       0x1c src/ASF/common2/components/display/ssd1306/ssd1306.o
 .debug_macro   0x0000ecd8       0x7c src/ASF/common2/components/display/ssd1306/ssd1306.o
 .debug_macro   0x0000ed54      0x1bf src/ASF/common2/components/display/ssd1306/ssd1306.o
 .debug_macro   0x0000ef13       0x16 src/ASF/common2/components/display/ssd1306/ssd1306.o
 .debug_macro   0x0000ef29       0xdc src/ASF/common2/components/display/ssd1306/ssd1306.o
 .debug_macro   0x0000f005      0x128 src/ASF/common2/components/display/ssd1306/ssd1306.o
 .debug_macro   0x0000f12d      0x128 src/ASF/common2/components/display/ssd1306/ssd1306.o
 .debug_macro   0x0000f255      0x128 src/ASF/common2/components/display/ssd1306/ssd1306.o
 .debug_macro   0x0000f37d      0x128 src/ASF/common2/components/display/ssd1306/ssd1306.o
 .debug_macro   0x0000f4a5      0x128 src/ASF/common2/components/display/ssd1306/ssd1306.o
 .debug_macro   0x0000f5cd      0x128 src/ASF/common2/components/display/ssd1306/ssd1306.o
 .debug_macro   0x0000f6f5      0x11e src/ASF/common2/components/display/ssd1306/ssd1306.o
 .debug_macro   0x0000f813       0xe2 src/ASF/common2/components/display/ssd1306/ssd1306.o
 .debug_macro   0x0000f8f5       0xe2 src/ASF/common2/components/display/ssd1306/ssd1306.o
 .debug_macro   0x0000f9d7       0xe2 src/ASF/common2/components/display/ssd1306/ssd1306.o
 .debug_macro   0x0000fab9      0x12a src/ASF/common2/components/display/ssd1306/ssd1306.o
 .debug_macro   0x0000fbe3      0x100 src/ASF/common2/components/display/ssd1306/ssd1306.o
 .debug_macro   0x0000fce3       0xf4 src/ASF/common2/components/display/ssd1306/ssd1306.o
 .debug_macro   0x0000fdd7      0x40f src/ASF/common2/components/display/ssd1306/ssd1306.o
 .debug_macro   0x000101e6       0x40 src/ASF/common2/components/display/ssd1306/ssd1306.o
 .debug_macro   0x00010226      0x345 src/ASF/common2/components/display/ssd1306/ssd1306.o
 .debug_macro   0x0001056b     0x1742 src/ASF/common2/components/display/ssd1306/ssd1306.o
 .debug_macro   0x00011cad       0x74 src/ASF/common2/components/display/ssd1306/ssd1306.o
 .debug_macro   0x00011d21       0x58 src/ASF/common2/components/display/ssd1306/ssd1306.o
 .debug_macro   0x00011d79       0x35 src/ASF/common2/components/display/ssd1306/ssd1306.o
 .debug_macro   0x00011dae       0x9c src/ASF/common2/components/display/ssd1306/ssd1306.o
 .debug_macro   0x00011e4a       0x16 src/ASF/common2/components/display/ssd1306/ssd1306.o
 .debug_macro   0x00011e60       0x35 src/ASF/common2/components/display/ssd1306/ssd1306.o
 .debug_macro   0x00011e95      0x353 src/ASF/common2/components/display/ssd1306/ssd1306.o
 .debug_macro   0x000121e8       0x10 src/ASF/common2/components/display/ssd1306/ssd1306.o
 .debug_macro   0x000121f8       0x58 src/ASF/common2/components/display/ssd1306/ssd1306.o
 .debug_macro   0x00012250       0x1f src/ASF/common2/components/display/ssd1306/ssd1306.o
 .debug_macro   0x0001226f       0x43 src/ASF/common2/components/display/ssd1306/ssd1306.o
 .debug_macro   0x000122b2       0x20 src/ASF/common2/components/display/ssd1306/ssd1306.o
 .debug_macro   0x000122d2      0x187 src/ASF/common2/components/display/ssd1306/ssd1306.o
 .debug_macro   0x00012459       0x10 src/ASF/common2/components/display/ssd1306/ssd1306.o
 .debug_macro   0x00012469       0x1c src/ASF/common2/components/display/ssd1306/ssd1306.o
 .debug_macro   0x00012485       0x52 src/ASF/common2/components/display/ssd1306/ssd1306.o
 .debug_macro   0x000124d7       0x40 src/ASF/common2/components/display/ssd1306/ssd1306.o
 .debug_macro   0x00012517       0x10 src/ASF/common2/components/display/ssd1306/ssd1306.o
 .debug_macro   0x00012527       0x40 src/ASF/common2/components/display/ssd1306/ssd1306.o
 .debug_macro   0x00012567       0xd7 src/ASF/common2/components/display/ssd1306/ssd1306.o
 .debug_macro   0x0001263e       0x16 src/ASF/common2/components/display/ssd1306/ssd1306.o
 .debug_macro   0x00012654      0x18b src/ASF/common2/components/display/ssd1306/ssd1306.o
 .debug_macro   0x000127df       0x16 src/ASF/common2/components/display/ssd1306/ssd1306.o
 .debug_macro   0x000127f5       0x16 src/ASF/common2/components/display/ssd1306/ssd1306.o
 .debug_macro   0x0001280b       0x29 src/ASF/common2/components/display/ssd1306/ssd1306.o
 .debug_macro   0x00012834       0x51 src/ASF/common2/components/display/ssd1306/ssd1306.o
 .debug_macro   0x00012885       0x3e src/ASF/common2/components/display/ssd1306/ssd1306.o
 .debug_macro   0x000128c3      0x3df src/ASF/common2/components/display/ssd1306/ssd1306.o
 .debug_macro   0x00012ca2       0x11 src/ASF/common2/components/display/ssd1306/ssd1306.o
 .debug_macro   0x00012cb3       0x19 src/ASF/common2/components/display/ssd1306/ssd1306.o
 .debug_macro   0x00012ccc       0x11 src/ASF/common2/components/display/ssd1306/ssd1306.o
 .debug_macro   0x00012cdd       0x16 src/ASF/common2/components/display/ssd1306/ssd1306.o
 .debug_macro   0x00012cf3       0x2e src/ASF/common2/components/display/ssd1306/ssd1306.o
 .debug_macro   0x00012d21       0x9a src/ASF/common2/components/display/ssd1306/ssd1306.o
 .debug_macro   0x00012dbb       0x10 src/ASF/common2/components/display/ssd1306/ssd1306.o
 .debug_macro   0x00012dcb       0x16 src/ASF/common2/components/display/ssd1306/ssd1306.o
 .debug_macro   0x00012de1       0x16 src/ASF/common2/components/display/ssd1306/ssd1306.o
 .debug_macro   0x00012df7       0x35 src/ASF/common2/components/display/ssd1306/ssd1306.o
 .debug_macro   0x00012e2c       0x1c src/ASF/common2/components/display/ssd1306/ssd1306.o
 .debug_macro   0x00012e48       0x16 src/ASF/common2/components/display/ssd1306/ssd1306.o
 .debug_macro   0x00012e5e      0x2c3 src/ASF/common2/components/display/ssd1306/ssd1306.o
 .debug_macro   0x00013121      0x69a src/ASF/common2/components/display/ssd1306/ssd1306.o
 .debug_macro   0x000137bb       0x52 src/ASF/common2/components/display/ssd1306/ssd1306.o
 .debug_macro   0x0001380d       0xcc src/ASF/common2/components/display/ssd1306/ssd1306.o
 .debug_macro   0x000138d9      0x525 src/ASF/common2/services/delay/sam0/systick_counter.o
 .debug_macro   0x00013dfe       0x16 src/ASF/common2/services/delay/sam0/systick_counter.o
 .debug_macro   0x00013e14      0x653 src/ASF/common2/services/gfx_mono/gfx_mono_framebuffer.o
 .debug_macro   0x00014467       0x16 src/ASF/common2/services/gfx_mono/gfx_mono_framebuffer.o
 .debug_macro   0x0001447d       0x22 src/ASF/common2/services/gfx_mono/gfx_mono_framebuffer.o
 .debug_macro   0x0001449f       0x82 src/ASF/common2/services/gfx_mono/gfx_mono_framebuffer.o
 .debug_macro   0x00014521       0x7b src/ASF/common2/services/gfx_mono/gfx_mono_framebuffer.o
 .debug_macro   0x0001459c      0x653 src/ASF/common2/services/gfx_mono/gfx_mono_generic.o
 .debug_macro   0x00014bef      0x7e2 src/ASF/common2/services/gfx_mono/gfx_mono_text.o
 .debug_macro   0x000153d1       0x52 src/ASF/common2/services/gfx_mono/gfx_mono_text.o
 .debug_macro   0x00015423       0x8d src/ASF/common2/services/gfx_mono/gfx_mono_text.o
 .debug_macro   0x000154b0       0x16 src/ASF/common2/services/gfx_mono/gfx_mono_text.o
 .debug_macro   0x000154c6       0x57 src/ASF/common2/services/gfx_mono/gfx_mono_text.o
 .debug_macro   0x0001551d       0x1c src/ASF/common2/services/gfx_mono/gfx_mono_text.o
 .debug_macro   0x00015539      0x11e src/ASF/common2/services/gfx_mono/gfx_mono_text.o
 .debug_macro   0x00015657      0x15a src/ASF/common2/services/gfx_mono/gfx_mono_text.o
 .debug_macro   0x000157b1       0xa6 src/ASF/common2/services/gfx_mono/gfx_mono_text.o
 .debug_macro   0x00015857       0x10 src/ASF/common2/services/gfx_mono/gfx_mono_text.o
 .debug_macro   0x00015867       0x1f src/ASF/common2/services/gfx_mono/gfx_mono_text.o
 .debug_macro   0x00015886      0x48d src/ASF/common2/services/gfx_mono/gfx_mono_text.o
 .debug_macro   0x00015d13       0x11 src/ASF/common2/services/gfx_mono/gfx_mono_text.o
 .debug_macro   0x00015d24       0xb5 src/ASF/common2/services/gfx_mono/gfx_mono_text.o
 .debug_macro   0x00015dd9       0x43 src/ASF/common2/services/gfx_mono/gfx_mono_text.o
 .debug_macro   0x00015e1c       0x8c src/ASF/common2/services/gfx_mono/gfx_mono_text.o
 .debug_macro   0x00015ea8       0x91 src/ASF/common2/services/gfx_mono/gfx_mono_text.o
 .debug_macro   0x00015f39       0x19 src/ASF/common2/services/gfx_mono/gfx_mono_text.o
 .debug_macro   0x00015f52       0x18 src/ASF/common2/services/gfx_mono/gfx_mono_text.o
 .debug_macro   0x00015f6a       0x5f src/ASF/common2/services/gfx_mono/gfx_mono_text.o
 .debug_macro   0x00015fc9       0x86 src/ASF/common2/services/gfx_mono/gfx_mono_text.o
 .debug_macro   0x0001604f       0x7e src/ASF/common2/services/gfx_mono/gfx_mono_text.o
 .debug_macro   0x000160cd       0x3a src/ASF/common2/services/gfx_mono/gfx_mono_text.o
 .debug_macro   0x00016107       0x49 src/ASF/common2/services/gfx_mono/gfx_mono_text.o
 .debug_macro   0x00016150       0x22 src/ASF/common2/services/gfx_mono/gfx_mono_text.o
 .debug_macro   0x00016172      0x653 src/ASF/common2/services/gfx_mono/gfx_mono_ug_2832hsweg04.o
 .debug_macro   0x000167c5       0x28 src/ASF/common2/services/gfx_mono/gfx_mono_ug_2832hsweg04.o
 .debug_macro   0x000167ed      0x677 src/ASF/common2/services/gfx_mono/sysfont.o
 .debug_macro   0x00016e64      0x4ea src/ASF/common/utils/interrupt/interrupt_sam_nvic.o
 .debug_macro   0x0001734e      0x526 src/ASF/sam0/boards/samr21_xplained_pro/board_init.o
 .debug_macro   0x00017874      0x504 src/ASF/sam0/drivers/port/port.o
 .debug_macro   0x00017d78      0x577 src/ASF/sam0/drivers/sercom/sercom.o
 .debug_macro   0x000182ef      0x574 src/ASF/sam0/drivers/sercom/sercom_interrupt.o
 .debug_macro   0x00018863      0x5bb src/ASF/sam0/drivers/sercom/spi/spi.o
 .debug_macro   0x00018e1e      0x5c5 src/ASF/sam0/drivers/sercom/spi/spi_interrupt.o
 .debug_macro   0x000193e3      0x588 src/ASF/sam0/drivers/sercom/usart/usart.o
 .debug_macro   0x0001996b       0x51 src/ASF/sam0/drivers/sercom/usart/usart.o
 .debug_macro   0x000199bc      0x588 src/ASF/sam0/drivers/sercom/usart/usart_interrupt.o
 .debug_macro   0x00019f44      0x55b src/ASF/sam0/drivers/system/clock/clock_samd21_r21_da_ha1/clock.o
 .debug_macro   0x0001a49f      0x296 src/ASF/sam0/drivers/system/clock/clock_samd21_r21_da_ha1/clock.o
 .debug_macro   0x0001a735      0x520 src/ASF/sam0/drivers/system/clock/clock_samd21_r21_da_ha1/gclk.o
 .debug_macro   0x0001ac55      0x4fc src/ASF/sam0/drivers/system/pinmux/pinmux.o
 .debug_macro   0x0001b151      0x52d src/ASF/sam0/drivers/system/system.o
 .debug_macro   0x0001b67e      0x2d1 src/ASF/sam0/utils/cmsis/samr21/source/gcc/startup_samr21.o
 .debug_macro   0x0001b94f       0x3a src/ASF/sam0/utils/cmsis/samr21/source/gcc/startup_samr21.o
 .debug_macro   0x0001b989      0x541 src/ASF/thirdparty/freertos/freertos-10.0.0/Source/list.o
 .debug_macro   0x0001beca      0x5b0 src/ASF/thirdparty/freertos/freertos-10.0.0/Source/portable/GCC/ARM_CM0/port.o
 .debug_macro   0x0001c47a      0x562 src/ASF/thirdparty/freertos/freertos-10.0.0/Source/portable/MemMang/heap_1.o
 .debug_macro   0x0001c9dc      0x5bd src/ASF/thirdparty/freertos/freertos-10.0.0/Source/queue.o
 .debug_macro   0x0001cf99      0x62c src/ASF/thirdparty/freertos/freertos-10.0.0/Source/tasks.o
 .debug_macro   0x0001d5c5       0x10 src/ASF/thirdparty/freertos/freertos-10.0.0/Source/tasks.o
 .debug_macro   0x0001d5d5      0x584 src/ASF/thirdparty/freertos/freertos-10.0.0/Source/timers.o
 .debug_macro   0x0001db59      0x842 src/demotasks.o
 .debug_macro   0x0001e39b       0x10 src/demotasks.o
 .debug_macro   0x0001e3ab      0x7df src/main.o

.debug_line     0x00000000    0x16b20
 .debug_line    0x00000000      0xd8f src/ASF/common2/components/display/ssd1306/ssd1306.o
 .debug_line    0x00000d8f      0x9b0 src/ASF/common2/services/delay/sam0/systick_counter.o
 .debug_line    0x0000173f      0xdd2 src/ASF/common2/services/gfx_mono/gfx_mono_framebuffer.o
 .debug_line    0x00002511      0xe85 src/ASF/common2/services/gfx_mono/gfx_mono_generic.o
 .debug_line    0x00003396     0x104f src/ASF/common2/services/gfx_mono/gfx_mono_text.o
 .debug_line    0x000043e5      0xe65 src/ASF/common2/services/gfx_mono/gfx_mono_ug_2832hsweg04.o
 .debug_line    0x0000524a      0xd2b src/ASF/common2/services/gfx_mono/sysfont.o
 .debug_line    0x00005f75      0x8b9 src/ASF/common/utils/interrupt/interrupt_sam_nvic.o
 .debug_line    0x0000682e      0x961 src/ASF/sam0/boards/samr21_xplained_pro/board_init.o
 .debug_line    0x0000718f      0x8e6 src/ASF/sam0/drivers/port/port.o
 .debug_line    0x00007a75      0xbbf src/ASF/sam0/drivers/sercom/sercom.o
 .debug_line    0x00008634      0xb63 src/ASF/sam0/drivers/sercom/sercom_interrupt.o
 .debug_line    0x00009197     0x102d src/ASF/sam0/drivers/sercom/spi/spi.o
 .debug_line    0x0000a1c4      0xce0 src/ASF/sam0/drivers/sercom/spi/spi_interrupt.o
 .debug_line    0x0000aea4      0xd2a src/ASF/sam0/drivers/sercom/usart/usart.o
 .debug_line    0x0000bbce      0xcb8 src/ASF/sam0/drivers/sercom/usart/usart_interrupt.o
 .debug_line    0x0000c886      0xc4b src/ASF/sam0/drivers/system/clock/clock_samd21_r21_da_ha1/clock.o
 .debug_line    0x0000d4d1      0xc62 src/ASF/sam0/drivers/system/clock/clock_samd21_r21_da_ha1/gclk.o
 .debug_line    0x0000e133      0x916 src/ASF/sam0/drivers/system/pinmux/pinmux.o
 .debug_line    0x0000ea49      0x9dd src/ASF/sam0/drivers/system/system.o
 .debug_line    0x0000f426      0x638 src/ASF/sam0/utils/cmsis/samr21/source/gcc/startup_samr21.o
 .debug_line    0x0000fa5e      0xa55 src/ASF/thirdparty/freertos/freertos-10.0.0/Source/list.o
 .debug_line    0x000104b3      0xacb src/ASF/thirdparty/freertos/freertos-10.0.0/Source/portable/GCC/ARM_CM0/port.o
 .debug_line    0x00010f7e      0xa50 src/ASF/thirdparty/freertos/freertos-10.0.0/Source/portable/MemMang/heap_1.o
 .debug_line    0x000119ce     0x10c4 src/ASF/thirdparty/freertos/freertos-10.0.0/Source/queue.o
 .debug_line    0x00012a92     0x1320 src/ASF/thirdparty/freertos/freertos-10.0.0/Source/tasks.o
 .debug_line    0x00013db2      0xc01 src/ASF/thirdparty/freertos/freertos-10.0.0/Source/timers.o
 .debug_line    0x000149b3     0x11d7 src/demotasks.o
 .debug_line    0x00015b8a      0xf96 src/main.o

.debug_str      0x00000000    0x8f70f
 .debug_str     0x00000000    0x7f335 src/ASF/common2/components/display/ssd1306/ssd1306.o
                              0x7f928 (size before relaxing)
 .debug_str     0x0007f335       0x75 src/ASF/common2/services/delay/sam0/systick_counter.o
                              0x7a432 (size before relaxing)
 .debug_str     0x0007f3aa      0xbb1 src/ASF/common2/services/gfx_mono/gfx_mono_framebuffer.o
                              0x7f749 (size before relaxing)
 .debug_str     0x0007ff5b      0x278 src/ASF/common2/services/gfx_mono/gfx_mono_generic.o
                              0x7f560 (size before relaxing)
 .debug_str     0x000801d3     0x756c src/ASF/common2/services/gfx_mono/gfx_mono_text.o
                              0x86814 (size before relaxing)
 .debug_str     0x0008773f      0x10c src/ASF/common2/services/gfx_mono/gfx_mono_ug_2832hsweg04.o
                              0x7f821 (size before relaxing)
 .debug_str     0x0008784b       0x3e src/ASF/common2/services/gfx_mono/sysfont.o
                              0x806c8 (size before relaxing)
 .debug_str     0x00087889       0x94 src/ASF/common/utils/interrupt/interrupt_sam_nvic.o
                              0x7a222 (size before relaxing)
 .debug_str     0x0008791d       0x4a src/ASF/sam0/boards/samr21_xplained_pro/board_init.o
                              0x7cf1f (size before relaxing)
 .debug_str     0x00087967       0xaa src/ASF/sam0/drivers/port/port.o
                              0x7a63d (size before relaxing)
 .debug_str     0x00087a11      0x43a src/ASF/sam0/drivers/sercom/sercom.o
                              0x7b8cb (size before relaxing)
 .debug_str     0x00087e4b      0x17b src/ASF/sam0/drivers/sercom/sercom_interrupt.o
                              0x7b6f6 (size before relaxing)
 .debug_str     0x00087fc6      0x6fe src/ASF/sam0/drivers/sercom/spi/spi.o
                              0x7cb7c (size before relaxing)
 .debug_str     0x000886c4      0x252 src/ASF/sam0/drivers/sercom/spi/spi_interrupt.o
                              0x7bb8e (size before relaxing)
 .debug_str     0x00088916      0x72f src/ASF/sam0/drivers/sercom/usart/usart.o
                              0x7c678 (size before relaxing)
 .debug_str     0x00089045      0x1bb src/ASF/sam0/drivers/sercom/usart/usart_interrupt.o
                              0x7b8ee (size before relaxing)
 .debug_str     0x00089200     0x2790 src/ASF/sam0/drivers/system/clock/clock_samd21_r21_da_ha1/clock.o
                              0x7d34b (size before relaxing)
 .debug_str     0x0008b990      0x1e3 src/ASF/sam0/drivers/system/clock/clock_samd21_r21_da_ha1/gclk.o
                              0x7aeb5 (size before relaxing)
 .debug_str     0x0008bb73       0xf4 src/ASF/sam0/drivers/system/pinmux/pinmux.o
                              0x7a619 (size before relaxing)
 .debug_str     0x0008bc67       0x47 src/ASF/sam0/drivers/system/system.o
                              0x7a2d9 (size before relaxing)
 .debug_str     0x0008bcae      0xf2b src/ASF/sam0/utils/cmsis/samr21/source/gcc/startup_samr21.o
                              0x6570b (size before relaxing)
 .debug_str     0x0008cbd9      0x15f src/ASF/thirdparty/freertos/freertos-10.0.0/Source/list.o
                              0x7d548 (size before relaxing)
 .debug_str     0x0008cd38      0x436 src/ASF/thirdparty/freertos/freertos-10.0.0/Source/portable/GCC/ARM_CM0/port.o
                              0x7deda (size before relaxing)
 .debug_str     0x0008d16e      0x17b src/ASF/thirdparty/freertos/freertos-10.0.0/Source/portable/MemMang/heap_1.o
                              0x7db0c (size before relaxing)
 .debug_str     0x0008d2e9      0x939 src/ASF/thirdparty/freertos/freertos-10.0.0/Source/queue.o
                              0x7ec52 (size before relaxing)
 .debug_str     0x0008dc22     0x1023 src/ASF/thirdparty/freertos/freertos-10.0.0/Source/tasks.o
                              0x7f659 (size before relaxing)
 .debug_str     0x0008ec45      0x43a src/ASF/thirdparty/freertos/freertos-10.0.0/Source/timers.o
                              0x7efac (size before relaxing)
 .debug_str     0x0008f07f      0x682 src/demotasks.o
                              0x88161 (size before relaxing)
 .debug_str     0x0008f701        0xe src/main.o
                              0x865c6 (size before relaxing)

.debug_frame    0x00000000     0x1b70
 .debug_frame   0x00000000       0x70 src/ASF/common2/components/display/ssd1306/ssd1306.o
 .debug_frame   0x00000070       0x64 src/ASF/common2/services/delay/sam0/systick_counter.o
 .debug_frame   0x000000d4       0xd8 src/ASF/common2/services/gfx_mono/gfx_mono_framebuffer.o
 .debug_frame   0x000001ac      0x150 src/ASF/common2/services/gfx_mono/gfx_mono_generic.o
 .debug_frame   0x000002fc       0xd0 src/ASF/common2/services/gfx_mono/gfx_mono_text.o
 .debug_frame   0x000003cc      0x124 src/ASF/common2/services/gfx_mono/gfx_mono_ug_2832hsweg04.o
 .debug_frame   0x000004f0       0x30 src/ASF/common/utils/interrupt/interrupt_sam_nvic.o
 .debug_frame   0x00000520       0x30 src/ASF/sam0/boards/samr21_xplained_pro/board_init.o
 .debug_frame   0x00000550       0x44 src/ASF/sam0/drivers/port/port.o
 .debug_frame   0x00000594       0xbc src/ASF/sam0/drivers/sercom/sercom.o
 .debug_frame   0x00000650       0xe8 src/ASF/sam0/drivers/sercom/sercom_interrupt.o
 .debug_frame   0x00000738      0x120 src/ASF/sam0/drivers/sercom/spi/spi.o
 .debug_frame   0x00000858       0xb0 src/ASF/sam0/drivers/sercom/spi/spi_interrupt.o
 .debug_frame   0x00000908       0xac src/ASF/sam0/drivers/sercom/usart/usart.o
 .debug_frame   0x000009b4      0x110 src/ASF/sam0/drivers/sercom/usart/usart_interrupt.o
 .debug_frame   0x00000ac4      0x158 src/ASF/sam0/drivers/system/clock/clock_samd21_r21_da_ha1/clock.o
 .debug_frame   0x00000c1c      0x148 src/ASF/sam0/drivers/system/clock/clock_samd21_r21_da_ha1/gclk.o
 .debug_frame   0x00000d64       0x74 src/ASF/sam0/drivers/system/pinmux/pinmux.o
 .debug_frame   0x00000dd8       0x38 src/ASF/sam0/drivers/system/system.o
 .debug_frame   0x00000e10       0x40 src/ASF/sam0/utils/cmsis/samr21/source/gcc/startup_samr21.o
 .debug_frame   0x00000e50       0x6c src/ASF/thirdparty/freertos/freertos-10.0.0/Source/list.o
 .debug_frame   0x00000ebc      0x100 src/ASF/thirdparty/freertos/freertos-10.0.0/Source/portable/GCC/ARM_CM0/port.o
 .debug_frame   0x00000fbc       0x5c src/ASF/thirdparty/freertos/freertos-10.0.0/Source/portable/MemMang/heap_1.o
 .debug_frame   0x00001018      0x364 src/ASF/thirdparty/freertos/freertos-10.0.0/Source/queue.o
 .debug_frame   0x0000137c      0x498 src/ASF/thirdparty/freertos/freertos-10.0.0/Source/tasks.o
 .debug_frame   0x00001814      0x178 src/ASF/thirdparty/freertos/freertos-10.0.0/Source/timers.o
 .debug_frame   0x0000198c       0xf4 src/demotasks.o
 .debug_frame   0x00001a80       0x28 src/main.o
 .debug_frame   0x00001aa8       0x20 c:/program files (x86)/atmel/studio/7.0/toolchain/arm/arm-gnu-toolchain/bin/../lib/gcc/arm-none-eabi/6.3.1/thumb/v6-m\libgcc.a(_udivsi3.o)
 .debug_frame   0x00001ac8       0x34 c:/program files (x86)/atmel/studio/7.0/toolchain/arm/arm-gnu-toolchain/bin/../lib/gcc/arm-none-eabi/6.3.1/thumb/v6-m\libgcc.a(_muldi3.o)
 .debug_frame   0x00001afc       0x2c c:/program files (x86)/atmel/studio/7.0/toolchain/arm/arm-gnu-toolchain/bin/../lib/gcc/arm-none-eabi/6.3.1/../../../../arm-none-eabi/lib/thumb/v6-m\libc_nano.a(lib_a-init.o)
 .debug_frame   0x00001b28       0x28 c:/program files (x86)/atmel/studio/7.0/toolchain/arm/arm-gnu-toolchain/bin/../lib/gcc/arm-none-eabi/6.3.1/../../../../arm-none-eabi/lib/thumb/v6-m\libc_nano.a(lib_a-memcpy-stub.o)
 .debug_frame   0x00001b50       0x20 c:/program files (x86)/atmel/studio/7.0/toolchain/arm/arm-gnu-toolchain/bin/../lib/gcc/arm-none-eabi/6.3.1/../../../../arm-none-eabi/lib/thumb/v6-m\libc_nano.a(lib_a-memset.o)

Cross Reference Table

Symbol                                            File
AC_Handler                                        src/ASF/sam0/utils/cmsis/samr21/source/gcc/startup_samr21.o
ADC_Handler                                       src/ASF/sam0/utils/cmsis/samr21/source/gcc/startup_samr21.o
DMAC_Handler                                      src/ASF/sam0/utils/cmsis/samr21/source/gcc/startup_samr21.o
Dummy_Handler                                     src/ASF/sam0/utils/cmsis/samr21/source/gcc/startup_samr21.o
EIC_Handler                                       src/ASF/sam0/utils/cmsis/samr21/source/gcc/startup_samr21.o
EVSYS_Handler                                     src/ASF/sam0/utils/cmsis/samr21/source/gcc/startup_samr21.o
HardFault_Handler                                 src/ASF/sam0/utils/cmsis/samr21/source/gcc/startup_samr21.o
NMI_Handler                                       src/ASF/sam0/utils/cmsis/samr21/source/gcc/startup_samr21.o
NVMCTRL_Handler                                   src/ASF/sam0/utils/cmsis/samr21/source/gcc/startup_samr21.o
PM_Handler                                        src/ASF/sam0/utils/cmsis/samr21/source/gcc/startup_samr21.o
PTC_Handler                                       src/ASF/sam0/utils/cmsis/samr21/source/gcc/startup_samr21.o
PendSV_Handler                                    src/ASF/thirdparty/freertos/freertos-10.0.0/Source/portable/GCC/ARM_CM0/port.o
                                                  src/ASF/sam0/utils/cmsis/samr21/source/gcc/startup_samr21.o
RTC_Handler                                       src/ASF/sam0/utils/cmsis/samr21/source/gcc/startup_samr21.o
Reset_Handler                                     src/ASF/sam0/utils/cmsis/samr21/source/gcc/startup_samr21.o
                                                  src/demotasks.o
SERCOM0_Handler                                   src/ASF/sam0/drivers/sercom/sercom_interrupt.o
SERCOM1_Handler                                   src/ASF/sam0/drivers/sercom/sercom_interrupt.o
SERCOM2_Handler                                   src/ASF/sam0/drivers/sercom/sercom_interrupt.o
SERCOM3_Handler                                   src/ASF/sam0/drivers/sercom/sercom_interrupt.o
SERCOM4_Handler                                   src/ASF/sam0/drivers/sercom/sercom_interrupt.o
SERCOM5_Handler                                   src/ASF/sam0/drivers/sercom/sercom_interrupt.o
SVC_Handler                                       src/ASF/thirdparty/freertos/freertos-10.0.0/Source/portable/GCC/ARM_CM0/port.o
                                                  src/ASF/sam0/utils/cmsis/samr21/source/gcc/startup_samr21.o